  grid.c
C:\Users\Uindmill\Desktop\Laboratory-kadai\encyu_2D_source\grid\grid.c(1,1): warning C4819: ファイルは、現在のコード ページ (932) で表示できない文字を含んでいます。データの損失を防ぐために、ファイルを Unicode 形式で保存してください。
C:\Users\Uindmill\Desktop\Laboratory-kadai\encyu_2D_source\grid\grid.c(89,10): warning C4101: 'xi': ローカル変数は 1 度も使われていません。
C:\Users\Uindmill\Desktop\Laboratory-kadai\encyu_2D_source\grid\grid.c(91,17): warning C4101: 'rr': ローカル変数は 1 度も使われていません。
C:\Users\Uindmill\Desktop\Laboratory-kadai\encyu_2D_source\grid\grid.c(88,10): warning C4101: 'p': ローカル変数は 1 度も使われていません。
C:\Users\Uindmill\Desktop\Laboratory-kadai\encyu_2D_source\grid\grid.c(91,13): warning C4101: 'dr': ローカル変数は 1 度も使われていません。
C:\Users\Uindmill\Desktop\Laboratory-kadai\encyu_2D_source\grid\grid.c(91,10): warning C4101: 'r': ローカル変数は 1 度も使われていません。
C:\Users\Uindmill\Desktop\Laboratory-kadai\encyu_2D_source\grid\grid.c(90,10): warning C4101: 'sita': ローカル変数は 1 度も使われていません。
C:\Users\Uindmill\Desktop\Laboratory-kadai\encyu_2D_source\grid\grid.c(111,21): warning C4101: 'drr': ローカル変数は 1 度も使われていません。
C:\Users\Uindmill\Desktop\Laboratory-kadai\encyu_2D_source\grid\grid.c(111,17): warning C4101: 'rr': ローカル変数は 1 度も使われていません。
C:\Users\Uindmill\Desktop\Laboratory-kadai\encyu_2D_source\grid\grid.c(143,5): error C2059: 構文エラー: 'for'
C:\Users\Uindmill\Desktop\Laboratory-kadai\encyu_2D_source\grid\grid.c(143,14): error C2143: 構文エラー: '{' が '<' の前にありません。
C:\Users\Uindmill\Desktop\Laboratory-kadai\encyu_2D_source\grid\grid.c(143,14): error C2059: 構文エラー: '<'
C:\Users\Uindmill\Desktop\Laboratory-kadai\encyu_2D_source\grid\grid.c(143,24): error C2143: 構文エラー: '{' が '++' の前にありません。
C:\Users\Uindmill\Desktop\Laboratory-kadai\encyu_2D_source\grid\grid.c(143,24): error C2059: 構文エラー: '++'
C:\Users\Uindmill\Desktop\Laboratory-kadai\encyu_2D_source\grid\grid.c(143,26): error C2059: 構文エラー: ')'
C:\Users\Uindmill\Desktop\Laboratory-kadai\encyu_2D_source\grid\grid.c(150,3): error C2059: 構文エラー: '}'
C:\Users\Uindmill\Desktop\Laboratory-kadai\encyu_2D_source\grid\grid.c(155,5): warning C4142: 'r1': 型が再定義されていますが、それはコード生成上何の効果もありません
      C:\Users\Uindmill\Desktop\Laboratory-kadai\encyu_2D_source\grid\grid.c(29,24):
      'r1' の宣言を確認してください
  
C:\Users\Uindmill\Desktop\Laboratory-kadai\encyu_2D_source\grid\grid.c(155,5): error C2099: 初期化子が定数ではありません。
C:\Users\Uindmill\Desktop\Laboratory-kadai\encyu_2D_source\grid\grid.c(157,14): error C2057: 定数式が必要です。
C:\Users\Uindmill\Desktop\Laboratory-kadai\encyu_2D_source\grid\grid.c(157,14): error C2466: サイズが 0 の配列を割り当てまたは宣言しようとしました。
  grid1.c
C:\Users\Uindmill\Desktop\Laboratory-kadai\encyu_2D_source\grid\grid.c(157,5): error C2087: 'cen_x': 添字がありません。
C:\Users\Uindmill\Desktop\Laboratory-kadai\encyu_2D_source\grid\grid.c(158,14): error C2057: 定数式が必要です。
C:\Users\Uindmill\Desktop\Laboratory-kadai\encyu_2D_source\grid\grid.c(158,14): error C2466: サイズが 0 の配列を割り当てまたは宣言しようとしました。
C:\Users\Uindmill\Desktop\Laboratory-kadai\encyu_2D_source\grid\grid.c(158,5): error C2087: 'cen_y': 添字がありません。
C:\Users\Uindmill\Desktop\Laboratory-kadai\encyu_2D_source\grid\grid.c(161,5): warning C4142: 'r0': 型が再定義されていますが、それはコード生成上何の効果もありません
      C:\Users\Uindmill\Desktop\Laboratory-kadai\encyu_2D_source\grid\grid.c(29,20):
      'r0' の宣言を確認してください
  
C:\Users\Uindmill\Desktop\Laboratory-kadai\encyu_2D_source\grid\grid.c(161,5): error C2099: 初期化子が定数ではありません。
C:\Users\Uindmill\Desktop\Laboratory-kadai\encyu_2D_source\grid\grid.c(162,5): warning C4142: 'r1': 型が再定義されていますが、それはコード生成上何の効果もありません
      C:\Users\Uindmill\Desktop\Laboratory-kadai\encyu_2D_source\grid\grid.c(155,5):
      'r1' の宣言を確認してください
  
C:\Users\Uindmill\Desktop\Laboratory-kadai\encyu_2D_source\grid\grid.c(162,5): error C2374: 'r1': 再定義されています。2 回以上初期化されています。
      C:\Users\Uindmill\Desktop\Laboratory-kadai\encyu_2D_source\grid\grid.c(155,5):
      'r1' の宣言を確認してください
  
C:\Users\Uindmill\Desktop\Laboratory-kadai\encyu_2D_source\grid\grid.c(164,14): error C2057: 定数式が必要です。
C:\Users\Uindmill\Desktop\Laboratory-kadai\encyu_2D_source\grid\grid.c(164,14): error C2466: サイズが 0 の配列を割り当てまたは宣言しようとしました。
C:\Users\Uindmill\Desktop\Laboratory-kadai\encyu_2D_source\grid\grid.c(164,5): error C2087: 'cen_x': 添字がありません。
C:\Users\Uindmill\Desktop\Laboratory-kadai\encyu_2D_source\grid\grid.c(165,14): error C2057: 定数式が必要です。
C:\Users\Uindmill\Desktop\Laboratory-kadai\encyu_2D_source\grid\grid.c(165,14): error C2466: サイズが 0 の配列を割り当てまたは宣言しようとしました。
C:\Users\Uindmill\Desktop\Laboratory-kadai\encyu_2D_source\grid\grid.c(165,5): error C2087: 'cen_y': 添字がありません。
C:\Users\Uindmill\Desktop\Laboratory-kadai\encyu_2D_source\grid\grid.c(169,5): warning C4142: 'r0': 型が再定義されていますが、それはコード生成上何の効果もありません
      C:\Users\Uindmill\Desktop\Laboratory-kadai\encyu_2D_source\grid\grid.c(161,5):
      'r0' の宣言を確認してください
  
C:\Users\Uindmill\Desktop\Laboratory-kadai\encyu_2D_source\grid\grid.c(169,5): error C2374: 'r0': 再定義されています。2 回以上初期化されています。
      C:\Users\Uindmill\Desktop\Laboratory-kadai\encyu_2D_source\grid\grid.c(161,5):
      'r0' の宣言を確認してください
  
C:\Users\Uindmill\Desktop\Laboratory-kadai\encyu_2D_source\grid\grid.c(170,5): warning C4142: 'r1': 型が再定義されていますが、それはコード生成上何の効果もありません
      C:\Users\Uindmill\Desktop\Laboratory-kadai\encyu_2D_source\grid\grid.c(155,5):
      'r1' の宣言を確認してください
  
C:\Users\Uindmill\Desktop\Laboratory-kadai\encyu_2D_source\grid\grid.c(170,5): error C2374: 'r1': 再定義されています。2 回以上初期化されています。
      C:\Users\Uindmill\Desktop\Laboratory-kadai\encyu_2D_source\grid\grid.c(155,5):
      'r1' の宣言を確認してください
  
C:\Users\Uindmill\Desktop\Laboratory-kadai\encyu_2D_source\grid\grid.c(172,14): error C2057: 定数式が必要です。
C:\Users\Uindmill\Desktop\Laboratory-kadai\encyu_2D_source\grid\grid.c(172,14): error C2466: サイズが 0 の配列を割り当てまたは宣言しようとしました。
C:\Users\Uindmill\Desktop\Laboratory-kadai\encyu_2D_source\grid\grid.c(172,5): error C2087: 'cen_x': 添字がありません。
C:\Users\Uindmill\Desktop\Laboratory-kadai\encyu_2D_source\grid\grid.c(173,14): error C2057: 定数式が必要です。
C:\Users\Uindmill\Desktop\Laboratory-kadai\encyu_2D_source\grid\grid.c(173,14): error C2466: サイズが 0 の配列を割り当てまたは宣言しようとしました。
C:\Users\Uindmill\Desktop\Laboratory-kadai\encyu_2D_source\grid\grid.c(173,5): error C2087: 'cen_y': 添字がありません。
C:\Users\Uindmill\Desktop\Laboratory-kadai\encyu_2D_source\grid\grid.c(176,5): warning C4142: 'r0': 型が再定義されていますが、それはコード生成上何の効果もありません
      C:\Users\Uindmill\Desktop\Laboratory-kadai\encyu_2D_source\grid\grid.c(161,5):
      'r0' の宣言を確認してください
  
C:\Users\Uindmill\Desktop\Laboratory-kadai\encyu_2D_source\grid\grid.c(176,5): error C2374: 'r0': 再定義されています。2 回以上初期化されています。
      C:\Users\Uindmill\Desktop\Laboratory-kadai\encyu_2D_source\grid\grid.c(161,5):
      'r0' の宣言を確認してください
  
C:\Users\Uindmill\Desktop\Laboratory-kadai\encyu_2D_source\grid\grid.c(177,5): warning C4142: 'r1': 型が再定義されていますが、それはコード生成上何の効果もありません
      C:\Users\Uindmill\Desktop\Laboratory-kadai\encyu_2D_source\grid\grid.c(155,5):
      'r1' の宣言を確認してください
  
C:\Users\Uindmill\Desktop\Laboratory-kadai\encyu_2D_source\grid\grid.c(177,5): error C2374: 'r1': 再定義されています。2 回以上初期化されています。
      C:\Users\Uindmill\Desktop\Laboratory-kadai\encyu_2D_source\grid\grid.c(155,5):
      'r1' の宣言を確認してください
  
C:\Users\Uindmill\Desktop\Laboratory-kadai\encyu_2D_source\grid\grid.c(179,14): error C2057: 定数式が必要です。
C:\Users\Uindmill\Desktop\Laboratory-kadai\encyu_2D_source\grid\grid.c(179,14): error C2466: サイズが 0 の配列を割り当てまたは宣言しようとしました。
C:\Users\Uindmill\Desktop\Laboratory-kadai\encyu_2D_source\grid\grid.c(179,5): error C2087: 'cen_x': 添字がありません。
C:\Users\Uindmill\Desktop\Laboratory-kadai\encyu_2D_source\grid\grid.c(180,14): error C2057: 定数式が必要です。
C:\Users\Uindmill\Desktop\Laboratory-kadai\encyu_2D_source\grid\grid.c(180,14): error C2466: サイズが 0 の配列を割り当てまたは宣言しようとしました。
C:\Users\Uindmill\Desktop\Laboratory-kadai\encyu_2D_source\grid\grid.c(180,5): error C2087: 'cen_y': 添字がありません。
C:\Users\Uindmill\Desktop\Laboratory-kadai\encyu_2D_source\grid\grid.c(183,3): error C2059: 構文エラー: '}'
C:\Users\Uindmill\Desktop\Laboratory-kadai\encyu_2D_source\grid\grid.c(186,23): error C2143: 構文エラー: '{' が '<' の前にありません。
C:\Users\Uindmill\Desktop\Laboratory-kadai\encyu_2D_source\grid\grid.c(186,23): error C2059: 構文エラー: '<'
C:\Users\Uindmill\Desktop\Laboratory-kadai\encyu_2D_source\grid\grid.c(186,33): error C2143: 構文エラー: '{' が '++' の前にありません。
C:\Users\Uindmill\Desktop\Laboratory-kadai\encyu_2D_source\grid\grid.c(186,33): error C2059: 構文エラー: '++'
C:\Users\Uindmill\Desktop\Laboratory-kadai\encyu_2D_source\grid\grid.c(186,35): error C2059: 構文エラー: ')'
C:\Users\Uindmill\Desktop\Laboratory-kadai\encyu_2D_source\grid\grid.c(216,3): warning C4142: 'r0': 型が再定義されていますが、それはコード生成上何の効果もありません
      C:\Users\Uindmill\Desktop\Laboratory-kadai\encyu_2D_source\grid\grid.c(161,5):
      'r0' の宣言を確認してください
  
C:\Users\Uindmill\Desktop\Laboratory-kadai\encyu_2D_source\grid\grid.c(216,3): error C2374: 'r0': 再定義されています。2 回以上初期化されています。
      C:\Users\Uindmill\Desktop\Laboratory-kadai\encyu_2D_source\grid\grid.c(161,5):
      'r0' の宣言を確認してください
  
C:\Users\Uindmill\Desktop\Laboratory-kadai\encyu_2D_source\grid\grid.c(217,3): error C2099: 初期化子が定数ではありません。
C:\Users\Uindmill\Desktop\Laboratory-kadai\encyu_2D_source\grid\grid.c(218,3): error C2099: 初期化子が定数ではありません。
C:\Users\Uindmill\Desktop\Laboratory-kadai\encyu_2D_source\grid\grid.c(219,9): error C2065: 'dr': 定義されていない識別子です。
C:\Users\Uindmill\Desktop\Laboratory-kadai\encyu_2D_source\grid\grid.c(219,3): error C2099: 初期化子が定数ではありません。
C:\Users\Uindmill\Desktop\Laboratory-kadai\encyu_2D_source\grid\grid.c(221,3): error C2059: 構文エラー: 'for'
C:\Users\Uindmill\Desktop\Laboratory-kadai\encyu_2D_source\grid\grid.c(221,12): error C2143: 構文エラー: '{' が '<' の前にありません。
C:\Users\Uindmill\Desktop\Laboratory-kadai\encyu_2D_source\grid\grid.c(221,12): error C2059: 構文エラー: '<'
C:\Users\Uindmill\Desktop\Laboratory-kadai\encyu_2D_source\grid\grid.c(221,22): error C2143: 構文エラー: '{' が '++' の前にありません。
C:\Users\Uindmill\Desktop\Laboratory-kadai\encyu_2D_source\grid\grid.c(221,22): error C2059: 構文エラー: '++'
C:\Users\Uindmill\Desktop\Laboratory-kadai\encyu_2D_source\grid\grid.c(221,24): error C2059: 構文エラー: ')'
C:\Users\Uindmill\Desktop\Laboratory-kadai\encyu_2D_source\grid\grid.c(245,5): warning C4142: 'r0': 型が再定義されていますが、それはコード生成上何の効果もありません
      C:\Users\Uindmill\Desktop\Laboratory-kadai\encyu_2D_source\grid\grid.c(161,5):
      'r0' の宣言を確認してください
  
C:\Users\Uindmill\Desktop\Laboratory-kadai\encyu_2D_source\grid\grid.c(245,5): error C2374: 'r0': 再定義されています。2 回以上初期化されています。
      C:\Users\Uindmill\Desktop\Laboratory-kadai\encyu_2D_source\grid\grid.c(161,5):
      'r0' の宣言を確認してください
  
C:\Users\Uindmill\Desktop\Laboratory-kadai\encyu_2D_source\grid\grid.c(246,5): warning C4142: 'r1': 型が再定義されていますが、それはコード生成上何の効果もありません
      C:\Users\Uindmill\Desktop\Laboratory-kadai\encyu_2D_source\grid\grid.c(155,5):
      'r1' の宣言を確認してください
  
C:\Users\Uindmill\Desktop\Laboratory-kadai\encyu_2D_source\grid\grid.c(246,5): error C2374: 'r1': 再定義されています。2 回以上初期化されています。
      C:\Users\Uindmill\Desktop\Laboratory-kadai\encyu_2D_source\grid\grid.c(155,5):
      'r1' の宣言を確認してください
  
C:\Users\Uindmill\Desktop\Laboratory-kadai\encyu_2D_source\grid\grid.c(248,10): error C2057: 定数式が必要です。
C:\Users\Uindmill\Desktop\Laboratory-kadai\encyu_2D_source\grid\grid.c(248,10): error C2466: サイズが 0 の配列を割り当てまたは宣言しようとしました。
C:\Users\Uindmill\Desktop\Laboratory-kadai\encyu_2D_source\grid\grid.c(248,5): error C2087: 'x': 添字がありません。
C:\Users\Uindmill\Desktop\Laboratory-kadai\encyu_2D_source\grid\grid.c(249,10): error C2057: 定数式が必要です。
C:\Users\Uindmill\Desktop\Laboratory-kadai\encyu_2D_source\grid\grid.c(249,10): error C2466: サイズが 0 の配列を割り当てまたは宣言しようとしました。
C:\Users\Uindmill\Desktop\Laboratory-kadai\encyu_2D_source\grid\grid.c(249,5): error C2087: 'y': 添字がありません。
C:\Users\Uindmill\Desktop\Laboratory-kadai\encyu_2D_source\grid\grid.c(252,5): warning C4142: 'r0': 型が再定義されていますが、それはコード生成上何の効果もありません
      C:\Users\Uindmill\Desktop\Laboratory-kadai\encyu_2D_source\grid\grid.c(161,5):
      'r0' の宣言を確認してください
  
C:\Users\Uindmill\Desktop\Laboratory-kadai\encyu_2D_source\grid\grid.c(252,5): error C2374: 'r0': 再定義されています。2 回以上初期化されています。
      C:\Users\Uindmill\Desktop\Laboratory-kadai\encyu_2D_source\grid\grid.c(161,5):
      'r0' の宣言を確認してください
  
C:\Users\Uindmill\Desktop\Laboratory-kadai\encyu_2D_source\grid\grid.c(253,5): warning C4142: 'r1': 型が再定義されていますが、それはコード生成上何の効果もありません
      C:\Users\Uindmill\Desktop\Laboratory-kadai\encyu_2D_source\grid\grid.c(155,5):
      'r1' の宣言を確認してください
  
C:\Users\Uindmill\Desktop\Laboratory-kadai\encyu_2D_source\grid\grid.c(253,5): error C2374: 'r1': 再定義されています。2 回以上初期化されています。
      C:\Users\Uindmill\Desktop\Laboratory-kadai\encyu_2D_source\grid\grid.c(155,5):
      'r1' の宣言を確認してください
  
C:\Users\Uindmill\Desktop\Laboratory-kadai\encyu_2D_source\grid\grid.c(255,10): error C2057: 定数式が必要です。
C:\Users\Uindmill\Desktop\Laboratory-kadai\encyu_2D_source\grid\grid.c(255,10): error C2466: サイズが 0 の配列を割り当てまたは宣言しようとしました。
C:\Users\Uindmill\Desktop\Laboratory-kadai\encyu_2D_source\grid\grid.c(255,5): error C2087: 'x': 添字がありません。
C:\Users\Uindmill\Desktop\Laboratory-kadai\encyu_2D_source\grid\grid.c(256,10): error C2057: 定数式が必要です。
C:\Users\Uindmill\Desktop\Laboratory-kadai\encyu_2D_source\grid\grid.c(256,10): error C2466: サイズが 0 の配列を割り当てまたは宣言しようとしました。
C:\Users\Uindmill\Desktop\Laboratory-kadai\encyu_2D_source\grid\grid.c(256,5): error C2087: 'y': 添字がありません。
C:\Users\Uindmill\Desktop\Laboratory-kadai\encyu_2D_source\grid\grid.c(260,5): warning C4142: 'r0': 型が再定義されていますが、それはコード生成上何の効果もありません
      C:\Users\Uindmill\Desktop\Laboratory-kadai\encyu_2D_source\grid\grid.c(161,5):
      'r0' の宣言を確認してください
  
C:\Users\Uindmill\Desktop\Laboratory-kadai\encyu_2D_source\grid\grid.c(260,5): error C2374: 'r0': 再定義されています。2 回以上初期化されています。
      C:\Users\Uindmill\Desktop\Laboratory-kadai\encyu_2D_source\grid\grid.c(161,5):
      'r0' の宣言を確認してください
  
C:\Users\Uindmill\Desktop\Laboratory-kadai\encyu_2D_source\grid\grid.c(261,5): warning C4142: 'r1': 型が再定義されていますが、それはコード生成上何の効果もありません
      C:\Users\Uindmill\Desktop\Laboratory-kadai\encyu_2D_source\grid\grid.c(155,5):
      'r1' の宣言を確認してください
  
C:\Users\Uindmill\Desktop\Laboratory-kadai\encyu_2D_source\grid\grid.c(261,5): error C2374: 'r1': 再定義されています。2 回以上初期化されています。
      C:\Users\Uindmill\Desktop\Laboratory-kadai\encyu_2D_source\grid\grid.c(155,5):
      'r1' の宣言を確認してください
  
C:\Users\Uindmill\Desktop\Laboratory-kadai\encyu_2D_source\grid\grid.c(263,10): error C2057: 定数式が必要です。
C:\Users\Uindmill\Desktop\Laboratory-kadai\encyu_2D_source\grid\grid.c(263,10): error C2466: サイズが 0 の配列を割り当てまたは宣言しようとしました。
C:\Users\Uindmill\Desktop\Laboratory-kadai\encyu_2D_source\grid\grid.c(263,5): error C2087: 'x': 添字がありません。
C:\Users\Uindmill\Desktop\Laboratory-kadai\encyu_2D_source\grid\grid.c(264,10): error C2057: 定数式が必要です。
C:\Users\Uindmill\Desktop\Laboratory-kadai\encyu_2D_source\grid\grid.c(264,10): error C2466: サイズが 0 の配列を割り当てまたは宣言しようとしました。
C:\Users\Uindmill\Desktop\Laboratory-kadai\encyu_2D_source\grid\grid.c(264,5): error C2087: 'y': 添字がありません。
C:\Users\Uindmill\Desktop\Laboratory-kadai\encyu_2D_source\grid\grid.c(267,5): warning C4142: 'r0': 型が再定義されていますが、それはコード生成上何の効果もありません
      C:\Users\Uindmill\Desktop\Laboratory-kadai\encyu_2D_source\grid\grid.c(161,5):
      'r0' の宣言を確認してください
  
C:\Users\Uindmill\Desktop\Laboratory-kadai\encyu_2D_source\grid\grid.c(267,5): error C2374: 'r0': 再定義されています。2 回以上初期化されています。
      C:\Users\Uindmill\Desktop\Laboratory-kadai\encyu_2D_source\grid\grid.c(161,5):
      'r0' の宣言を確認してください
  
C:\Users\Uindmill\Desktop\Laboratory-kadai\encyu_2D_source\grid\grid.c(268,5): warning C4142: 'r1': 型が再定義されていますが、それはコード生成上何の効果もありません
      C:\Users\Uindmill\Desktop\Laboratory-kadai\encyu_2D_source\grid\grid.c(155,5):
      'r1' の宣言を確認してください
  
C:\Users\Uindmill\Desktop\Laboratory-kadai\encyu_2D_source\grid\grid.c(268,5): error C2374: 'r1': 再定義されています。2 回以上初期化されています。
      C:\Users\Uindmill\Desktop\Laboratory-kadai\encyu_2D_source\grid\grid.c(155,5):
      'r1' の宣言を確認してください
  
C:\Users\Uindmill\Desktop\Laboratory-kadai\encyu_2D_source\grid\grid.c(270,10): error C2057: 定数式が必要です。
C:\Users\Uindmill\Desktop\Laboratory-kadai\encyu_2D_source\grid\grid.c(270,10): error C2466: サイズが 0 の配列を割り当てまたは宣言しようとしました。
C:\Users\Uindmill\Desktop\Laboratory-kadai\encyu_2D_source\grid\grid.c(270,5): error C2087: 'x': 添字がありません。
C:\Users\Uindmill\Desktop\Laboratory-kadai\encyu_2D_source\grid\grid.c(271,10): error C2057: 定数式が必要です。
C:\Users\Uindmill\Desktop\Laboratory-kadai\encyu_2D_source\grid\grid.c(271,10): error C2466: サイズが 0 の配列を割り当てまたは宣言しようとしました。
C:\Users\Uindmill\Desktop\Laboratory-kadai\encyu_2D_source\grid\grid.c(271,5): error C2087: 'y': 添字がありません。
C:\Users\Uindmill\Desktop\Laboratory-kadai\encyu_2D_source\grid\grid.c(273,5): warning C4142: 'r0': 型が再定義されていますが、それはコード生成上何の効果もありません
      C:\Users\Uindmill\Desktop\Laboratory-kadai\encyu_2D_source\grid\grid.c(161,5):
      'r0' の宣言を確認してください
  
C:\Users\Uindmill\Desktop\Laboratory-kadai\encyu_2D_source\grid\grid.c(273,5): error C2374: 'r0': 再定義されています。2 回以上初期化されています。
      C:\Users\Uindmill\Desktop\Laboratory-kadai\encyu_2D_source\grid\grid.c(161,5):
      'r0' の宣言を確認してください
  
C:\Users\Uindmill\Desktop\Laboratory-kadai\encyu_2D_source\grid\grid.c(274,5): warning C4142: 'r1': 型が再定義されていますが、それはコード生成上何の効果もありません
      C:\Users\Uindmill\Desktop\Laboratory-kadai\encyu_2D_source\grid\grid.c(155,5):
      'r1' の宣言を確認してください
  
C:\Users\Uindmill\Desktop\Laboratory-kadai\encyu_2D_source\grid\grid.c(274,5): error C2374: 'r1': 再定義されています。2 回以上初期化されています。
      C:\Users\Uindmill\Desktop\Laboratory-kadai\encyu_2D_source\grid\grid.c(155,5):
      'r1' の宣言を確認してください
  
C:\Users\Uindmill\Desktop\Laboratory-kadai\encyu_2D_source\grid\grid.c(276,10): error C2057: 定数式が必要です。
C:\Users\Uindmill\Desktop\Laboratory-kadai\encyu_2D_source\grid\grid.c(276,10): error C2466: サイズが 0 の配列を割り当てまたは宣言しようとしました。
C:\Users\Uindmill\Desktop\Laboratory-kadai\encyu_2D_source\grid\grid.c(276,5): error C2087: 'x': 添字がありません。
C:\Users\Uindmill\Desktop\Laboratory-kadai\encyu_2D_source\grid\grid.c(277,10): error C2057: 定数式が必要です。
C:\Users\Uindmill\Desktop\Laboratory-kadai\encyu_2D_source\grid\grid.c(277,10): error C2466: サイズが 0 の配列を割り当てまたは宣言しようとしました。
C:\Users\Uindmill\Desktop\Laboratory-kadai\encyu_2D_source\grid\grid.c(277,5): error C2087: 'y': 添字がありません。
C:\Users\Uindmill\Desktop\Laboratory-kadai\encyu_2D_source\grid\grid.c(279,3): error C2059: 構文エラー: '}'
C:\Users\Uindmill\Desktop\Laboratory-kadai\encyu_2D_source\grid\grid.c(282,23): error C2143: 構文エラー: '{' が '<' の前にありません。
C:\Users\Uindmill\Desktop\Laboratory-kadai\encyu_2D_source\grid\grid.c(282,23): error C2059: 構文エラー: '<'
C:\Users\Uindmill\Desktop\Laboratory-kadai\encyu_2D_source\grid\grid.c(282,31): error C2143: 構文エラー: '{' が '++' の前にありません。
C:\Users\Uindmill\Desktop\Laboratory-kadai\encyu_2D_source\grid\grid.c(282,31): error C2059: 構文エラー: '++'
C:\Users\Uindmill\Desktop\Laboratory-kadai\encyu_2D_source\grid\grid.c(282,33): error C2059: 構文エラー: ')'
C:\Users\Uindmill\Desktop\Laboratory-kadai\encyu_2D_source\grid\grid.c(282,33): error C1003: プログラム内のエラーが 100 個を超えました。コンパイルは中断されます。
C:\Users\Uindmill\Desktop\Laboratory-kadai\encyu_2D_source\grid\grid1.c(1,1): warning C4819: ファイルは、現在のコード ページ (932) で表示できない文字を含んでいます。データの損失を防ぐために、ファイルを Unicode 形式で保存してください。
C:\Users\Uindmill\Desktop\Laboratory-kadai\encyu_2D_source\grid\grid1.c(88,10): warning C4101: 'xi': ローカル変数は 1 度も使われていません。
C:\Users\Uindmill\Desktop\Laboratory-kadai\encyu_2D_source\grid\grid1.c(90,17): warning C4101: 'rr': ローカル変数は 1 度も使われていません。
C:\Users\Uindmill\Desktop\Laboratory-kadai\encyu_2D_source\grid\grid1.c(87,10): warning C4101: 'p': ローカル変数は 1 度も使われていません。
C:\Users\Uindmill\Desktop\Laboratory-kadai\encyu_2D_source\grid\grid1.c(90,13): warning C4101: 'dr': ローカル変数は 1 度も使われていません。
C:\Users\Uindmill\Desktop\Laboratory-kadai\encyu_2D_source\grid\grid1.c(90,10): warning C4101: 'r': ローカル変数は 1 度も使われていません。
C:\Users\Uindmill\Desktop\Laboratory-kadai\encyu_2D_source\grid\grid1.c(89,10): warning C4101: 'sita': ローカル変数は 1 度も使われていません。
C:\Users\Uindmill\Desktop\Laboratory-kadai\encyu_2D_source\grid\grid1.c(110,21): warning C4101: 'drr': ローカル変数は 1 度も使われていません。
C:\Users\Uindmill\Desktop\Laboratory-kadai\encyu_2D_source\grid\grid1.c(110,17): warning C4101: 'rr': ローカル変数は 1 度も使われていません。
C:\Users\Uindmill\Desktop\Laboratory-kadai\encyu_2D_source\grid\grid1.c(142,5): error C2059: 構文エラー: 'for'
C:\Users\Uindmill\Desktop\Laboratory-kadai\encyu_2D_source\grid\grid1.c(142,14): error C2143: 構文エラー: '{' が '<' の前にありません。
C:\Users\Uindmill\Desktop\Laboratory-kadai\encyu_2D_source\grid\grid1.c(142,14): error C2059: 構文エラー: '<'
C:\Users\Uindmill\Desktop\Laboratory-kadai\encyu_2D_source\grid\grid1.c(142,24): error C2143: 構文エラー: '{' が '++' の前にありません。
C:\Users\Uindmill\Desktop\Laboratory-kadai\encyu_2D_source\grid\grid1.c(142,24): error C2059: 構文エラー: '++'
C:\Users\Uindmill\Desktop\Laboratory-kadai\encyu_2D_source\grid\grid1.c(142,26): error C2059: 構文エラー: ')'
C:\Users\Uindmill\Desktop\Laboratory-kadai\encyu_2D_source\grid\grid1.c(149,3): error C2059: 構文エラー: '}'
C:\Users\Uindmill\Desktop\Laboratory-kadai\encyu_2D_source\grid\grid1.c(154,5): warning C4142: 'r1': 型が再定義されていますが、それはコード生成上何の効果もありません
      C:\Users\Uindmill\Desktop\Laboratory-kadai\encyu_2D_source\grid\grid1.c(28,24):
      'r1' の宣言を確認してください
  
C:\Users\Uindmill\Desktop\Laboratory-kadai\encyu_2D_source\grid\grid1.c(154,5): error C2099: 初期化子が定数ではありません。
C:\Users\Uindmill\Desktop\Laboratory-kadai\encyu_2D_source\grid\grid1.c(156,14): error C2057: 定数式が必要です。
C:\Users\Uindmill\Desktop\Laboratory-kadai\encyu_2D_source\grid\grid1.c(156,14): error C2466: サイズが 0 の配列を割り当てまたは宣言しようとしました。
C:\Users\Uindmill\Desktop\Laboratory-kadai\encyu_2D_source\grid\grid1.c(156,5): error C2087: 'cen_x': 添字がありません。
C:\Users\Uindmill\Desktop\Laboratory-kadai\encyu_2D_source\grid\grid1.c(157,14): error C2057: 定数式が必要です。
C:\Users\Uindmill\Desktop\Laboratory-kadai\encyu_2D_source\grid\grid1.c(157,14): error C2466: サイズが 0 の配列を割り当てまたは宣言しようとしました。
C:\Users\Uindmill\Desktop\Laboratory-kadai\encyu_2D_source\grid\grid1.c(157,5): error C2087: 'cen_y': 添字がありません。
C:\Users\Uindmill\Desktop\Laboratory-kadai\encyu_2D_source\grid\grid1.c(160,5): warning C4142: 'r0': 型が再定義されていますが、それはコード生成上何の効果もありません
      C:\Users\Uindmill\Desktop\Laboratory-kadai\encyu_2D_source\grid\grid1.c(28,20):
      'r0' の宣言を確認してください
  
C:\Users\Uindmill\Desktop\Laboratory-kadai\encyu_2D_source\grid\grid1.c(160,5): error C2099: 初期化子が定数ではありません。
C:\Users\Uindmill\Desktop\Laboratory-kadai\encyu_2D_source\grid\grid1.c(161,5): warning C4142: 'r1': 型が再定義されていますが、それはコード生成上何の効果もありません
      C:\Users\Uindmill\Desktop\Laboratory-kadai\encyu_2D_source\grid\grid1.c(154,5):
      'r1' の宣言を確認してください
  
C:\Users\Uindmill\Desktop\Laboratory-kadai\encyu_2D_source\grid\grid1.c(161,5): error C2374: 'r1': 再定義されています。2 回以上初期化されています。
      C:\Users\Uindmill\Desktop\Laboratory-kadai\encyu_2D_source\grid\grid1.c(154,5):
      'r1' の宣言を確認してください
  
C:\Users\Uindmill\Desktop\Laboratory-kadai\encyu_2D_source\grid\grid1.c(163,14): error C2057: 定数式が必要です。
C:\Users\Uindmill\Desktop\Laboratory-kadai\encyu_2D_source\grid\grid1.c(163,14): error C2466: サイズが 0 の配列を割り当てまたは宣言しようとしました。
C:\Users\Uindmill\Desktop\Laboratory-kadai\encyu_2D_source\grid\grid1.c(163,5): error C2087: 'cen_x': 添字がありません。
C:\Users\Uindmill\Desktop\Laboratory-kadai\encyu_2D_source\grid\grid1.c(164,14): error C2057: 定数式が必要です。
C:\Users\Uindmill\Desktop\Laboratory-kadai\encyu_2D_source\grid\grid1.c(164,14): error C2466: サイズが 0 の配列を割り当てまたは宣言しようとしました。
C:\Users\Uindmill\Desktop\Laboratory-kadai\encyu_2D_source\grid\grid1.c(164,5): error C2087: 'cen_y': 添字がありません。
C:\Users\Uindmill\Desktop\Laboratory-kadai\encyu_2D_source\grid\grid1.c(168,5): warning C4142: 'r0': 型が再定義されていますが、それはコード生成上何の効果もありません
      C:\Users\Uindmill\Desktop\Laboratory-kadai\encyu_2D_source\grid\grid1.c(160,5):
      'r0' の宣言を確認してください
  
C:\Users\Uindmill\Desktop\Laboratory-kadai\encyu_2D_source\grid\grid1.c(168,5): error C2374: 'r0': 再定義されています。2 回以上初期化されています。
      C:\Users\Uindmill\Desktop\Laboratory-kadai\encyu_2D_source\grid\grid1.c(160,5):
      'r0' の宣言を確認してください
  
C:\Users\Uindmill\Desktop\Laboratory-kadai\encyu_2D_source\grid\grid1.c(169,5): warning C4142: 'r1': 型が再定義されていますが、それはコード生成上何の効果もありません
      C:\Users\Uindmill\Desktop\Laboratory-kadai\encyu_2D_source\grid\grid1.c(154,5):
      'r1' の宣言を確認してください
  
C:\Users\Uindmill\Desktop\Laboratory-kadai\encyu_2D_source\grid\grid1.c(169,5): error C2374: 'r1': 再定義されています。2 回以上初期化されています。
      C:\Users\Uindmill\Desktop\Laboratory-kadai\encyu_2D_source\grid\grid1.c(154,5):
      'r1' の宣言を確認してください
  
C:\Users\Uindmill\Desktop\Laboratory-kadai\encyu_2D_source\grid\grid1.c(171,14): error C2057: 定数式が必要です。
C:\Users\Uindmill\Desktop\Laboratory-kadai\encyu_2D_source\grid\grid1.c(171,14): error C2466: サイズが 0 の配列を割り当てまたは宣言しようとしました。
C:\Users\Uindmill\Desktop\Laboratory-kadai\encyu_2D_source\grid\grid1.c(171,5): error C2087: 'cen_x': 添字がありません。
C:\Users\Uindmill\Desktop\Laboratory-kadai\encyu_2D_source\grid\grid1.c(172,14): error C2057: 定数式が必要です。
C:\Users\Uindmill\Desktop\Laboratory-kadai\encyu_2D_source\grid\grid1.c(172,14): error C2466: サイズが 0 の配列を割り当てまたは宣言しようとしました。
C:\Users\Uindmill\Desktop\Laboratory-kadai\encyu_2D_source\grid\grid1.c(172,5): error C2087: 'cen_y': 添字がありません。
C:\Users\Uindmill\Desktop\Laboratory-kadai\encyu_2D_source\grid\grid1.c(175,5): warning C4142: 'r0': 型が再定義されていますが、それはコード生成上何の効果もありません
      C:\Users\Uindmill\Desktop\Laboratory-kadai\encyu_2D_source\grid\grid1.c(160,5):
      'r0' の宣言を確認してください
  
C:\Users\Uindmill\Desktop\Laboratory-kadai\encyu_2D_source\grid\grid1.c(175,5): error C2374: 'r0': 再定義されています。2 回以上初期化されています。
      C:\Users\Uindmill\Desktop\Laboratory-kadai\encyu_2D_source\grid\grid1.c(160,5):
      'r0' の宣言を確認してください
  
C:\Users\Uindmill\Desktop\Laboratory-kadai\encyu_2D_source\grid\grid1.c(176,5): warning C4142: 'r1': 型が再定義されていますが、それはコード生成上何の効果もありません
      C:\Users\Uindmill\Desktop\Laboratory-kadai\encyu_2D_source\grid\grid1.c(154,5):
      'r1' の宣言を確認してください
  
C:\Users\Uindmill\Desktop\Laboratory-kadai\encyu_2D_source\grid\grid1.c(176,5): error C2374: 'r1': 再定義されています。2 回以上初期化されています。
      C:\Users\Uindmill\Desktop\Laboratory-kadai\encyu_2D_source\grid\grid1.c(154,5):
      'r1' の宣言を確認してください
  
C:\Users\Uindmill\Desktop\Laboratory-kadai\encyu_2D_source\grid\grid1.c(178,14): error C2057: 定数式が必要です。
C:\Users\Uindmill\Desktop\Laboratory-kadai\encyu_2D_source\grid\grid1.c(178,14): error C2466: サイズが 0 の配列を割り当てまたは宣言しようとしました。
C:\Users\Uindmill\Desktop\Laboratory-kadai\encyu_2D_source\grid\grid1.c(178,5): error C2087: 'cen_x': 添字がありません。
C:\Users\Uindmill\Desktop\Laboratory-kadai\encyu_2D_source\grid\grid1.c(179,14): error C2057: 定数式が必要です。
C:\Users\Uindmill\Desktop\Laboratory-kadai\encyu_2D_source\grid\grid1.c(179,14): error C2466: サイズが 0 の配列を割り当てまたは宣言しようとしました。
C:\Users\Uindmill\Desktop\Laboratory-kadai\encyu_2D_source\grid\grid1.c(179,5): error C2087: 'cen_y': 添字がありません。
C:\Users\Uindmill\Desktop\Laboratory-kadai\encyu_2D_source\grid\grid1.c(182,3): error C2059: 構文エラー: '}'
C:\Users\Uindmill\Desktop\Laboratory-kadai\encyu_2D_source\grid\grid1.c(185,23): error C2143: 構文エラー: '{' が '<' の前にありません。
C:\Users\Uindmill\Desktop\Laboratory-kadai\encyu_2D_source\grid\grid1.c(185,23): error C2059: 構文エラー: '<'
C:\Users\Uindmill\Desktop\Laboratory-kadai\encyu_2D_source\grid\grid1.c(185,33): error C2143: 構文エラー: '{' が '++' の前にありません。
C:\Users\Uindmill\Desktop\Laboratory-kadai\encyu_2D_source\grid\grid1.c(185,33): error C2059: 構文エラー: '++'
C:\Users\Uindmill\Desktop\Laboratory-kadai\encyu_2D_source\grid\grid1.c(185,35): error C2059: 構文エラー: ')'
C:\Users\Uindmill\Desktop\Laboratory-kadai\encyu_2D_source\grid\grid1.c(215,3): warning C4142: 'r0': 型が再定義されていますが、それはコード生成上何の効果もありません
      C:\Users\Uindmill\Desktop\Laboratory-kadai\encyu_2D_source\grid\grid1.c(160,5):
      'r0' の宣言を確認してください
  
C:\Users\Uindmill\Desktop\Laboratory-kadai\encyu_2D_source\grid\grid1.c(215,3): error C2374: 'r0': 再定義されています。2 回以上初期化されています。
      C:\Users\Uindmill\Desktop\Laboratory-kadai\encyu_2D_source\grid\grid1.c(160,5):
      'r0' の宣言を確認してください
  
C:\Users\Uindmill\Desktop\Laboratory-kadai\encyu_2D_source\grid\grid1.c(216,3): error C2099: 初期化子が定数ではありません。
C:\Users\Uindmill\Desktop\Laboratory-kadai\encyu_2D_source\grid\grid1.c(217,3): error C2099: 初期化子が定数ではありません。
C:\Users\Uindmill\Desktop\Laboratory-kadai\encyu_2D_source\grid\grid1.c(218,9): error C2065: 'dr': 定義されていない識別子です。
C:\Users\Uindmill\Desktop\Laboratory-kadai\encyu_2D_source\grid\grid1.c(218,3): error C2099: 初期化子が定数ではありません。
C:\Users\Uindmill\Desktop\Laboratory-kadai\encyu_2D_source\grid\grid1.c(220,3): error C2059: 構文エラー: 'for'
C:\Users\Uindmill\Desktop\Laboratory-kadai\encyu_2D_source\grid\grid1.c(220,12): error C2143: 構文エラー: '{' が '<' の前にありません。
C:\Users\Uindmill\Desktop\Laboratory-kadai\encyu_2D_source\grid\grid1.c(220,12): error C2059: 構文エラー: '<'
C:\Users\Uindmill\Desktop\Laboratory-kadai\encyu_2D_source\grid\grid1.c(220,22): error C2143: 構文エラー: '{' が '++' の前にありません。
C:\Users\Uindmill\Desktop\Laboratory-kadai\encyu_2D_source\grid\grid1.c(220,22): error C2059: 構文エラー: '++'
C:\Users\Uindmill\Desktop\Laboratory-kadai\encyu_2D_source\grid\grid1.c(220,24): error C2059: 構文エラー: ')'
C:\Users\Uindmill\Desktop\Laboratory-kadai\encyu_2D_source\grid\grid1.c(244,5): warning C4142: 'r0': 型が再定義されていますが、それはコード生成上何の効果もありません
      C:\Users\Uindmill\Desktop\Laboratory-kadai\encyu_2D_source\grid\grid1.c(160,5):
      'r0' の宣言を確認してください
  
C:\Users\Uindmill\Desktop\Laboratory-kadai\encyu_2D_source\grid\grid1.c(244,5): error C2374: 'r0': 再定義されています。2 回以上初期化されています。
      C:\Users\Uindmill\Desktop\Laboratory-kadai\encyu_2D_source\grid\grid1.c(160,5):
      'r0' の宣言を確認してください
  
C:\Users\Uindmill\Desktop\Laboratory-kadai\encyu_2D_source\grid\grid1.c(245,5): warning C4142: 'r1': 型が再定義されていますが、それはコード生成上何の効果もありません
      C:\Users\Uindmill\Desktop\Laboratory-kadai\encyu_2D_source\grid\grid1.c(154,5):
      'r1' の宣言を確認してください
  
C:\Users\Uindmill\Desktop\Laboratory-kadai\encyu_2D_source\grid\grid1.c(245,5): error C2374: 'r1': 再定義されています。2 回以上初期化されています。
      C:\Users\Uindmill\Desktop\Laboratory-kadai\encyu_2D_source\grid\grid1.c(154,5):
      'r1' の宣言を確認してください
  
C:\Users\Uindmill\Desktop\Laboratory-kadai\encyu_2D_source\grid\grid1.c(247,10): error C2057: 定数式が必要です。
C:\Users\Uindmill\Desktop\Laboratory-kadai\encyu_2D_source\grid\grid1.c(247,10): error C2466: サイズが 0 の配列を割り当てまたは宣言しようとしました。
C:\Users\Uindmill\Desktop\Laboratory-kadai\encyu_2D_source\grid\grid1.c(247,5): error C2087: 'x': 添字がありません。
C:\Users\Uindmill\Desktop\Laboratory-kadai\encyu_2D_source\grid\grid1.c(248,10): error C2057: 定数式が必要です。
C:\Users\Uindmill\Desktop\Laboratory-kadai\encyu_2D_source\grid\grid1.c(248,10): error C2466: サイズが 0 の配列を割り当てまたは宣言しようとしました。
C:\Users\Uindmill\Desktop\Laboratory-kadai\encyu_2D_source\grid\grid1.c(248,5): error C2087: 'y': 添字がありません。
C:\Users\Uindmill\Desktop\Laboratory-kadai\encyu_2D_source\grid\grid1.c(251,5): warning C4142: 'r0': 型が再定義されていますが、それはコード生成上何の効果もありません
      C:\Users\Uindmill\Desktop\Laboratory-kadai\encyu_2D_source\grid\grid1.c(160,5):
      'r0' の宣言を確認してください
  
C:\Users\Uindmill\Desktop\Laboratory-kadai\encyu_2D_source\grid\grid1.c(251,5): error C2374: 'r0': 再定義されています。2 回以上初期化されています。
      C:\Users\Uindmill\Desktop\Laboratory-kadai\encyu_2D_source\grid\grid1.c(160,5):
      'r0' の宣言を確認してください
  
C:\Users\Uindmill\Desktop\Laboratory-kadai\encyu_2D_source\grid\grid1.c(252,5): warning C4142: 'r1': 型が再定義されていますが、それはコード生成上何の効果もありません
      C:\Users\Uindmill\Desktop\Laboratory-kadai\encyu_2D_source\grid\grid1.c(154,5):
      'r1' の宣言を確認してください
  
C:\Users\Uindmill\Desktop\Laboratory-kadai\encyu_2D_source\grid\grid1.c(252,5): error C2374: 'r1': 再定義されています。2 回以上初期化されています。
      C:\Users\Uindmill\Desktop\Laboratory-kadai\encyu_2D_source\grid\grid1.c(154,5):
      'r1' の宣言を確認してください
  
C:\Users\Uindmill\Desktop\Laboratory-kadai\encyu_2D_source\grid\grid1.c(254,10): error C2057: 定数式が必要です。
C:\Users\Uindmill\Desktop\Laboratory-kadai\encyu_2D_source\grid\grid1.c(254,10): error C2466: サイズが 0 の配列を割り当てまたは宣言しようとしました。
C:\Users\Uindmill\Desktop\Laboratory-kadai\encyu_2D_source\grid\grid1.c(254,5): error C2087: 'x': 添字がありません。
C:\Users\Uindmill\Desktop\Laboratory-kadai\encyu_2D_source\grid\grid1.c(255,10): error C2057: 定数式が必要です。
C:\Users\Uindmill\Desktop\Laboratory-kadai\encyu_2D_source\grid\grid1.c(255,10): error C2466: サイズが 0 の配列を割り当てまたは宣言しようとしました。
C:\Users\Uindmill\Desktop\Laboratory-kadai\encyu_2D_source\grid\grid1.c(255,5): error C2087: 'y': 添字がありません。
C:\Users\Uindmill\Desktop\Laboratory-kadai\encyu_2D_source\grid\grid1.c(259,5): warning C4142: 'r0': 型が再定義されていますが、それはコード生成上何の効果もありません
      C:\Users\Uindmill\Desktop\Laboratory-kadai\encyu_2D_source\grid\grid1.c(160,5):
      'r0' の宣言を確認してください
  
C:\Users\Uindmill\Desktop\Laboratory-kadai\encyu_2D_source\grid\grid1.c(259,5): error C2374: 'r0': 再定義されています。2 回以上初期化されています。
      C:\Users\Uindmill\Desktop\Laboratory-kadai\encyu_2D_source\grid\grid1.c(160,5):
      'r0' の宣言を確認してください
  
C:\Users\Uindmill\Desktop\Laboratory-kadai\encyu_2D_source\grid\grid1.c(260,5): warning C4142: 'r1': 型が再定義されていますが、それはコード生成上何の効果もありません
      C:\Users\Uindmill\Desktop\Laboratory-kadai\encyu_2D_source\grid\grid1.c(154,5):
      'r1' の宣言を確認してください
  
C:\Users\Uindmill\Desktop\Laboratory-kadai\encyu_2D_source\grid\grid1.c(260,5): error C2374: 'r1': 再定義されています。2 回以上初期化されています。
      C:\Users\Uindmill\Desktop\Laboratory-kadai\encyu_2D_source\grid\grid1.c(154,5):
      'r1' の宣言を確認してください
  
C:\Users\Uindmill\Desktop\Laboratory-kadai\encyu_2D_source\grid\grid1.c(262,10): error C2057: 定数式が必要です。
C:\Users\Uindmill\Desktop\Laboratory-kadai\encyu_2D_source\grid\grid1.c(262,10): error C2466: サイズが 0 の配列を割り当てまたは宣言しようとしました。
C:\Users\Uindmill\Desktop\Laboratory-kadai\encyu_2D_source\grid\grid1.c(262,5): error C2087: 'x': 添字がありません。
C:\Users\Uindmill\Desktop\Laboratory-kadai\encyu_2D_source\grid\grid1.c(263,10): error C2057: 定数式が必要です。
C:\Users\Uindmill\Desktop\Laboratory-kadai\encyu_2D_source\grid\grid1.c(263,10): error C2466: サイズが 0 の配列を割り当てまたは宣言しようとしました。
C:\Users\Uindmill\Desktop\Laboratory-kadai\encyu_2D_source\grid\grid1.c(263,5): error C2087: 'y': 添字がありません。
C:\Users\Uindmill\Desktop\Laboratory-kadai\encyu_2D_source\grid\grid1.c(266,5): warning C4142: 'r0': 型が再定義されていますが、それはコード生成上何の効果もありません
      C:\Users\Uindmill\Desktop\Laboratory-kadai\encyu_2D_source\grid\grid1.c(160,5):
      'r0' の宣言を確認してください
  
C:\Users\Uindmill\Desktop\Laboratory-kadai\encyu_2D_source\grid\grid1.c(266,5): error C2374: 'r0': 再定義されています。2 回以上初期化されています。
      C:\Users\Uindmill\Desktop\Laboratory-kadai\encyu_2D_source\grid\grid1.c(160,5):
      'r0' の宣言を確認してください
  
C:\Users\Uindmill\Desktop\Laboratory-kadai\encyu_2D_source\grid\grid1.c(267,5): warning C4142: 'r1': 型が再定義されていますが、それはコード生成上何の効果もありません
      C:\Users\Uindmill\Desktop\Laboratory-kadai\encyu_2D_source\grid\grid1.c(154,5):
      'r1' の宣言を確認してください
  
C:\Users\Uindmill\Desktop\Laboratory-kadai\encyu_2D_source\grid\grid1.c(267,5): error C2374: 'r1': 再定義されています。2 回以上初期化されています。
      C:\Users\Uindmill\Desktop\Laboratory-kadai\encyu_2D_source\grid\grid1.c(154,5):
      'r1' の宣言を確認してください
  
C:\Users\Uindmill\Desktop\Laboratory-kadai\encyu_2D_source\grid\grid1.c(269,10): error C2057: 定数式が必要です。
C:\Users\Uindmill\Desktop\Laboratory-kadai\encyu_2D_source\grid\grid1.c(269,10): error C2466: サイズが 0 の配列を割り当てまたは宣言しようとしました。
C:\Users\Uindmill\Desktop\Laboratory-kadai\encyu_2D_source\grid\grid1.c(269,5): error C2087: 'x': 添字がありません。
C:\Users\Uindmill\Desktop\Laboratory-kadai\encyu_2D_source\grid\grid1.c(270,10): error C2057: 定数式が必要です。
C:\Users\Uindmill\Desktop\Laboratory-kadai\encyu_2D_source\grid\grid1.c(270,10): error C2466: サイズが 0 の配列を割り当てまたは宣言しようとしました。
C:\Users\Uindmill\Desktop\Laboratory-kadai\encyu_2D_source\grid\grid1.c(270,5): error C2087: 'y': 添字がありません。
C:\Users\Uindmill\Desktop\Laboratory-kadai\encyu_2D_source\grid\grid1.c(272,5): warning C4142: 'r0': 型が再定義されていますが、それはコード生成上何の効果もありません
      C:\Users\Uindmill\Desktop\Laboratory-kadai\encyu_2D_source\grid\grid1.c(160,5):
      'r0' の宣言を確認してください
  
C:\Users\Uindmill\Desktop\Laboratory-kadai\encyu_2D_source\grid\grid1.c(272,5): error C2374: 'r0': 再定義されています。2 回以上初期化されています。
      C:\Users\Uindmill\Desktop\Laboratory-kadai\encyu_2D_source\grid\grid1.c(160,5):
      'r0' の宣言を確認してください
  
C:\Users\Uindmill\Desktop\Laboratory-kadai\encyu_2D_source\grid\grid1.c(273,5): warning C4142: 'r1': 型が再定義されていますが、それはコード生成上何の効果もありません
      C:\Users\Uindmill\Desktop\Laboratory-kadai\encyu_2D_source\grid\grid1.c(154,5):
      'r1' の宣言を確認してください
  
C:\Users\Uindmill\Desktop\Laboratory-kadai\encyu_2D_source\grid\grid1.c(273,5): error C2374: 'r1': 再定義されています。2 回以上初期化されています。
      C:\Users\Uindmill\Desktop\Laboratory-kadai\encyu_2D_source\grid\grid1.c(154,5):
      'r1' の宣言を確認してください
  
C:\Users\Uindmill\Desktop\Laboratory-kadai\encyu_2D_source\grid\grid1.c(275,10): error C2057: 定数式が必要です。
C:\Users\Uindmill\Desktop\Laboratory-kadai\encyu_2D_source\grid\grid1.c(275,10): error C2466: サイズが 0 の配列を割り当てまたは宣言しようとしました。
C:\Users\Uindmill\Desktop\Laboratory-kadai\encyu_2D_source\grid\grid1.c(275,5): error C2087: 'x': 添字がありません。
C:\Users\Uindmill\Desktop\Laboratory-kadai\encyu_2D_source\grid\grid1.c(276,10): error C2057: 定数式が必要です。
C:\Users\Uindmill\Desktop\Laboratory-kadai\encyu_2D_source\grid\grid1.c(276,10): error C2466: サイズが 0 の配列を割り当てまたは宣言しようとしました。
C:\Users\Uindmill\Desktop\Laboratory-kadai\encyu_2D_source\grid\grid1.c(276,5): error C2087: 'y': 添字がありません。
C:\Users\Uindmill\Desktop\Laboratory-kadai\encyu_2D_source\grid\grid1.c(278,3): error C2059: 構文エラー: '}'
C:\Users\Uindmill\Desktop\Laboratory-kadai\encyu_2D_source\grid\grid1.c(281,23): error C2143: 構文エラー: '{' が '<' の前にありません。
C:\Users\Uindmill\Desktop\Laboratory-kadai\encyu_2D_source\grid\grid1.c(281,23): error C2059: 構文エラー: '<'
C:\Users\Uindmill\Desktop\Laboratory-kadai\encyu_2D_source\grid\grid1.c(281,31): error C2143: 構文エラー: '{' が '++' の前にありません。
C:\Users\Uindmill\Desktop\Laboratory-kadai\encyu_2D_source\grid\grid1.c(281,31): error C2059: 構文エラー: '++'
C:\Users\Uindmill\Desktop\Laboratory-kadai\encyu_2D_source\grid\grid1.c(281,33): error C2059: 構文エラー: ')'
C:\Users\Uindmill\Desktop\Laboratory-kadai\encyu_2D_source\grid\grid1.c(281,33): error C1003: プログラム内のエラーが 100 個を超えました。コンパイルは中断されます。
  main.c
C:\Users\Uindmill\Desktop\Laboratory-kadai\encyu_2D_source\main.c(1,1): warning C4819: ファイルは、現在のコード ページ (932) で表示できない文字を含んでいます。データの損失を防ぐために、ファイルを Unicode 形式で保存してください。
C:\Users\Uindmill\Desktop\Laboratory-kadai\encyu_2D_source\global.h(1,1): warning C4819: ファイルは、現在のコード ページ (932) で表示できない文字を含んでいます。データの損失を防ぐために、ファイルを Unicode 形式で保存してください。
  (ソース ファイル 'main.c' をコンパイルしています)
  
C:\Users\Uindmill\Desktop\Laboratory-kadai\encyu_2D_source\read.h(148,14): warning C4018: '<': signed と unsigned の数値を比較しようとしました。
  (ソース ファイル 'main.c' をコンパイルしています)
  
C:\Users\Uindmill\Desktop\Laboratory-kadai\encyu_2D_source\read.h(149,16): warning C4018: '<': signed と unsigned の数値を比較しようとしました。
  (ソース ファイル 'main.c' をコンパイルしています)
  
C:\Users\Uindmill\Desktop\Laboratory-kadai\encyu_2D_source\read.h(156,14): warning C4018: '<': signed と unsigned の数値を比較しようとしました。
  (ソース ファイル 'main.c' をコンパイルしています)
  
C:\Users\Uindmill\Desktop\Laboratory-kadai\encyu_2D_source\read.h(157,16): warning C4018: '<': signed と unsigned の数値を比較しようとしました。
  (ソース ファイル 'main.c' をコンパイルしています)
  
C:\Users\Uindmill\Desktop\Laboratory-kadai\encyu_2D_source\read.h(164,14): warning C4018: '<': signed と unsigned の数値を比較しようとしました。
  (ソース ファイル 'main.c' をコンパイルしています)
  
C:\Users\Uindmill\Desktop\Laboratory-kadai\encyu_2D_source\read.h(165,16): warning C4018: '<': signed と unsigned の数値を比較しようとしました。
  (ソース ファイル 'main.c' をコンパイルしています)
  
C:\Users\Uindmill\Desktop\Laboratory-kadai\encyu_2D_source\read.h(172,14): warning C4018: '<': signed と unsigned の数値を比較しようとしました。
  (ソース ファイル 'main.c' をコンパイルしています)
  
C:\Users\Uindmill\Desktop\Laboratory-kadai\encyu_2D_source\read.h(173,16): warning C4018: '<': signed と unsigned の数値を比較しようとしました。
  (ソース ファイル 'main.c' をコンパイルしています)
  
C:\Users\Uindmill\Desktop\Laboratory-kadai\encyu_2D_source\read.h(180,14): warning C4018: '<': signed と unsigned の数値を比較しようとしました。
  (ソース ファイル 'main.c' をコンパイルしています)
  
C:\Users\Uindmill\Desktop\Laboratory-kadai\encyu_2D_source\read.h(181,16): warning C4018: '<': signed と unsigned の数値を比較しようとしました。
  (ソース ファイル 'main.c' をコンパイルしています)
  
C:\Users\Uindmill\Desktop\Laboratory-kadai\encyu_2D_source\read.h(50,3): warning C4996: 'sprintf': This function or variable may be unsafe. Consider using sprintf_s instead. To disable deprecation, use _CRT_SECURE_NO_WARNINGS. See online help for details.
  (ソース ファイル 'main.c' をコンパイルしています)
  
C:\Users\Uindmill\Desktop\Laboratory-kadai\encyu_2D_source\read.h(52,9): warning C4996: 'fopen': This function or variable may be unsafe. Consider using fopen_s instead. To disable deprecation, use _CRT_SECURE_NO_WARNINGS. See online help for details.
  (ソース ファイル 'main.c' をコンパイルしています)
  
C:\Users\Uindmill\Desktop\Laboratory-kadai\encyu_2D_source\read.h(63,5): warning C4996: 'fscanf': This function or variable may be unsafe. Consider using fscanf_s instead. To disable deprecation, use _CRT_SECURE_NO_WARNINGS. See online help for details.
  (ソース ファイル 'main.c' をコンパイルしています)
  
C:\Users\Uindmill\Desktop\Laboratory-kadai\encyu_2D_source\read.h(151,2): warning C4996: 'fscanf': This function or variable may be unsafe. Consider using fscanf_s instead. To disable deprecation, use _CRT_SECURE_NO_WARNINGS. See online help for details.
  (ソース ファイル 'main.c' をコンパイルしています)
  
C:\Users\Uindmill\Desktop\Laboratory-kadai\encyu_2D_source\read.h(159,2): warning C4996: 'fscanf': This function or variable may be unsafe. Consider using fscanf_s instead. To disable deprecation, use _CRT_SECURE_NO_WARNINGS. See online help for details.
  (ソース ファイル 'main.c' をコンパイルしています)
  
C:\Users\Uindmill\Desktop\Laboratory-kadai\encyu_2D_source\read.h(167,2): warning C4996: 'fscanf': This function or variable may be unsafe. Consider using fscanf_s instead. To disable deprecation, use _CRT_SECURE_NO_WARNINGS. See online help for details.
  (ソース ファイル 'main.c' をコンパイルしています)
  
C:\Users\Uindmill\Desktop\Laboratory-kadai\encyu_2D_source\read.h(175,2): warning C4996: 'fscanf': This function or variable may be unsafe. Consider using fscanf_s instead. To disable deprecation, use _CRT_SECURE_NO_WARNINGS. See online help for details.
  (ソース ファイル 'main.c' をコンパイルしています)
  
C:\Users\Uindmill\Desktop\Laboratory-kadai\encyu_2D_source\read.h(183,2): warning C4996: 'fscanf': This function or variable may be unsafe. Consider using fscanf_s instead. To disable deprecation, use _CRT_SECURE_NO_WARNINGS. See online help for details.
  (ソース ファイル 'main.c' をコンパイルしています)
  
C:\Users\Uindmill\Desktop\Laboratory-kadai\encyu_2D_source\calc.h(28,14): warning C4018: '<': signed と unsigned の数値を比較しようとしました。
  (ソース ファイル 'main.c' をコンパイルしています)
  
C:\Users\Uindmill\Desktop\Laboratory-kadai\encyu_2D_source\calc.h(29,16): warning C4018: '<': signed と unsigned の数値を比較しようとしました。
  (ソース ファイル 'main.c' をコンパイルしています)
  
C:\Users\Uindmill\Desktop\Laboratory-kadai\encyu_2D_source\output.h(1,1): warning C4819: ファイルは、現在のコード ページ (932) で表示できない文字を含んでいます。データの損失を防ぐために、ファイルを Unicode 形式で保存してください。
  (ソース ファイル 'main.c' をコンパイルしています)
  
C:\Users\Uindmill\Desktop\Laboratory-kadai\encyu_2D_source\output.h(17,14): warning C4018: '<': signed と unsigned の数値を比較しようとしました。
  (ソース ファイル 'main.c' をコンパイルしています)
  
C:\Users\Uindmill\Desktop\Laboratory-kadai\encyu_2D_source\output.h(18,16): warning C4018: '<': signed と unsigned の数値を比較しようとしました。
  (ソース ファイル 'main.c' をコンパイルしています)
  
C:\Users\Uindmill\Desktop\Laboratory-kadai\encyu_2D_source\output.h(66,16): warning C4018: '<': signed と unsigned の数値を比較しようとしました。
  (ソース ファイル 'main.c' をコンパイルしています)
  
C:\Users\Uindmill\Desktop\Laboratory-kadai\encyu_2D_source\output.h(67,11): warning C4018: '<': signed と unsigned の数値を比較しようとしました。
  (ソース ファイル 'main.c' をコンパイルしています)
  
C:\Users\Uindmill\Desktop\Laboratory-kadai\encyu_2D_source\output.h(89,14): warning C4018: '<': signed と unsigned の数値を比較しようとしました。
  (ソース ファイル 'main.c' をコンパイルしています)
  
C:\Users\Uindmill\Desktop\Laboratory-kadai\encyu_2D_source\output.h(90,16): warning C4018: '<': signed と unsigned の数値を比較しようとしました。
  (ソース ファイル 'main.c' をコンパイルしています)
  
C:\Users\Uindmill\Desktop\Laboratory-kadai\encyu_2D_source\output.h(97,14): warning C4018: '<': signed と unsigned の数値を比較しようとしました。
  (ソース ファイル 'main.c' をコンパイルしています)
  
C:\Users\Uindmill\Desktop\Laboratory-kadai\encyu_2D_source\output.h(98,16): warning C4018: '<': signed と unsigned の数値を比較しようとしました。
  (ソース ファイル 'main.c' をコンパイルしています)
  
C:\Users\Uindmill\Desktop\Laboratory-kadai\encyu_2D_source\output.h(105,14): warning C4018: '<': signed と unsigned の数値を比較しようとしました。
  (ソース ファイル 'main.c' をコンパイルしています)
  
C:\Users\Uindmill\Desktop\Laboratory-kadai\encyu_2D_source\output.h(106,16): warning C4018: '<': signed と unsigned の数値を比較しようとしました。
  (ソース ファイル 'main.c' をコンパイルしています)
  
C:\Users\Uindmill\Desktop\Laboratory-kadai\encyu_2D_source\output.h(29,5): warning C4996: 'sprintf': This function or variable may be unsafe. Consider using sprintf_s instead. To disable deprecation, use _CRT_SECURE_NO_WARNINGS. See online help for details.
  (ソース ファイル 'main.c' をコンパイルしています)
  
C:\Users\Uindmill\Desktop\Laboratory-kadai\encyu_2D_source\output.h(31,11): warning C4996: 'fopen': This function or variable may be unsafe. Consider using fopen_s instead. To disable deprecation, use _CRT_SECURE_NO_WARNINGS. See online help for details.
  (ソース ファイル 'main.c' をコンパイルしています)
  
C:\Users\Uindmill\Desktop\Laboratory-kadai\encyu_2D_source\read_data.h(1,1): warning C4819: ファイルは、現在のコード ページ (932) で表示できない文字を含んでいます。データの損失を防ぐために、ファイルを Unicode 形式で保存してください。
  (ソース ファイル 'main.c' をコンパイルしています)
  
C:\Users\Uindmill\Desktop\Laboratory-kadai\encyu_2D_source\read_data.h(47,14): warning C4018: '<': signed と unsigned の数値を比較しようとしました。
  (ソース ファイル 'main.c' をコンパイルしています)
  
C:\Users\Uindmill\Desktop\Laboratory-kadai\encyu_2D_source\read_data.h(48,16): warning C4018: '<': signed と unsigned の数値を比較しようとしました。
  (ソース ファイル 'main.c' をコンパイルしています)
  
C:\Users\Uindmill\Desktop\Laboratory-kadai\encyu_2D_source\read_data.h(53,14): warning C4018: '<': signed と unsigned の数値を比較しようとしました。
  (ソース ファイル 'main.c' をコンパイルしています)
  
C:\Users\Uindmill\Desktop\Laboratory-kadai\encyu_2D_source\read_data.h(54,16): warning C4018: '<': signed と unsigned の数値を比較しようとしました。
  (ソース ファイル 'main.c' をコンパイルしています)
  
C:\Users\Uindmill\Desktop\Laboratory-kadai\encyu_2D_source\read_data.h(59,14): warning C4018: '<': signed と unsigned の数値を比較しようとしました。
  (ソース ファイル 'main.c' をコンパイルしています)
  
C:\Users\Uindmill\Desktop\Laboratory-kadai\encyu_2D_source\read_data.h(60,16): warning C4018: '<': signed と unsigned の数値を比較しようとしました。
  (ソース ファイル 'main.c' をコンパイルしています)
  
C:\Users\Uindmill\Desktop\Laboratory-kadai\encyu_2D_source\read_data.h(65,14): warning C4018: '<': signed と unsigned の数値を比較しようとしました。
  (ソース ファイル 'main.c' をコンパイルしています)
  
C:\Users\Uindmill\Desktop\Laboratory-kadai\encyu_2D_source\read_data.h(66,16): warning C4018: '<': signed と unsigned の数値を比較しようとしました。
  (ソース ファイル 'main.c' をコンパイルしています)
  
C:\Users\Uindmill\Desktop\Laboratory-kadai\encyu_2D_source\read_data.h(80,14): warning C4018: '<': signed と unsigned の数値を比較しようとしました。
  (ソース ファイル 'main.c' をコンパイルしています)
  
C:\Users\Uindmill\Desktop\Laboratory-kadai\encyu_2D_source\read_data.h(81,16): warning C4018: '<': signed と unsigned の数値を比較しようとしました。
  (ソース ファイル 'main.c' をコンパイルしています)
  
C:\Users\Uindmill\Desktop\Laboratory-kadai\encyu_2D_source\read_data.h(88,14): warning C4018: '<': signed と unsigned の数値を比較しようとしました。
  (ソース ファイル 'main.c' をコンパイルしています)
  
C:\Users\Uindmill\Desktop\Laboratory-kadai\encyu_2D_source\read_data.h(89,16): warning C4018: '<': signed と unsigned の数値を比較しようとしました。
  (ソース ファイル 'main.c' をコンパイルしています)
  
C:\Users\Uindmill\Desktop\Laboratory-kadai\encyu_2D_source\read_data.h(96,14): warning C4018: '<': signed と unsigned の数値を比較しようとしました。
  (ソース ファイル 'main.c' をコンパイルしています)
  
C:\Users\Uindmill\Desktop\Laboratory-kadai\encyu_2D_source\read_data.h(97,16): warning C4018: '<': signed と unsigned の数値を比較しようとしました。
  (ソース ファイル 'main.c' をコンパイルしています)
  
C:\Users\Uindmill\Desktop\Laboratory-kadai\encyu_2D_source\read_data.h(115,14): warning C4018: '<': signed と unsigned の数値を比較しようとしました。
  (ソース ファイル 'main.c' をコンパイルしています)
  
C:\Users\Uindmill\Desktop\Laboratory-kadai\encyu_2D_source\read_data.h(116,16): warning C4018: '<': signed と unsigned の数値を比較しようとしました。
  (ソース ファイル 'main.c' をコンパイルしています)
  
C:\Users\Uindmill\Desktop\Laboratory-kadai\encyu_2D_source\read_data.h(126,14): warning C4018: '<': signed と unsigned の数値を比較しようとしました。
  (ソース ファイル 'main.c' をコンパイルしています)
  
C:\Users\Uindmill\Desktop\Laboratory-kadai\encyu_2D_source\read_data.h(127,16): warning C4018: '<': signed と unsigned の数値を比較しようとしました。
  (ソース ファイル 'main.c' をコンパイルしています)
  
C:\Users\Uindmill\Desktop\Laboratory-kadai\encyu_2D_source\read_data.h(136,14): warning C4018: '<': signed と unsigned の数値を比較しようとしました。
  (ソース ファイル 'main.c' をコンパイルしています)
  
C:\Users\Uindmill\Desktop\Laboratory-kadai\encyu_2D_source\read_data.h(137,16): warning C4018: '<': signed と unsigned の数値を比較しようとしました。
  (ソース ファイル 'main.c' をコンパイルしています)
  
C:\Users\Uindmill\Desktop\Laboratory-kadai\encyu_2D_source\read_data.h(12,5): warning C4996: 'sprintf': This function or variable may be unsafe. Consider using sprintf_s instead. To disable deprecation, use _CRT_SECURE_NO_WARNINGS. See online help for details.
  (ソース ファイル 'main.c' をコンパイルしています)
  
C:\Users\Uindmill\Desktop\Laboratory-kadai\encyu_2D_source\read_data.h(13,11): warning C4996: 'fopen': This function or variable may be unsafe. Consider using fopen_s instead. To disable deprecation, use _CRT_SECURE_NO_WARNINGS. See online help for details.
  (ソース ファイル 'main.c' をコンパイルしています)
  
C:\Users\Uindmill\Desktop\Laboratory-kadai\encyu_2D_source\read_data.h(8,25): warning C4101: 'Qt': ローカル変数は 1 度も使われていません。
  (ソース ファイル 'main.c' をコンパイルしています)
  
C:\Users\Uindmill\Desktop\Laboratory-kadai\encyu_2D_source\initial.h(1,1): warning C4819: ファイルは、現在のコード ページ (932) で表示できない文字を含んでいます。データの損失を防ぐために、ファイルを Unicode 形式で保存してください。
  (ソース ファイル 'main.c' をコンパイルしています)
  
C:\Users\Uindmill\Desktop\Laboratory-kadai\encyu_2D_source\initial.h(20,52): warning C4819: ファイルは、現在のコード ページ (932) で表示できない文字を含んでいます。データの損失を防ぐために、ファイルを Unicode 形式で保存してください。
  (ソース ファイル 'main.c' をコンパイルしています)
  
C:\Users\Uindmill\Desktop\Laboratory-kadai\encyu_2D_source\initial.h(21,84): warning C4819: ファイルは、現在のコード ページ (932) で表示できない文字を含んでいます。データの損失を防ぐために、ファイルを Unicode 形式で保存してください。
  (ソース ファイル 'main.c' をコンパイルしています)
  
C:\Users\Uindmill\Desktop\Laboratory-kadai\encyu_2D_source\initial.h(24,14): warning C4018: '<': signed と unsigned の数値を比較しようとしました。
  (ソース ファイル 'main.c' をコンパイルしています)
  
C:\Users\Uindmill\Desktop\Laboratory-kadai\encyu_2D_source\initial.h(25,16): warning C4018: '<': signed と unsigned の数値を比較しようとしました。
  (ソース ファイル 'main.c' をコンパイルしています)
  
C:\Users\Uindmill\Desktop\Laboratory-kadai\encyu_2D_source\initial.h(47,14): warning C4018: '<': signed と unsigned の数値を比較しようとしました。
  (ソース ファイル 'main.c' をコンパイルしています)
  
C:\Users\Uindmill\Desktop\Laboratory-kadai\encyu_2D_source\initial.h(48,16): warning C4018: '<': signed と unsigned の数値を比較しようとしました。
  (ソース ファイル 'main.c' をコンパイルしています)
  
C:\Users\Uindmill\Desktop\Laboratory-kadai\encyu_2D_source\initial.h(10,28): warning C4101: 'S_': ローカル変数は 1 度も使われていません。
  (ソース ファイル 'main.c' をコンパイルしています)
  
C:\Users\Uindmill\Desktop\Laboratory-kadai\encyu_2D_source\initial.h(10,10): warning C4101: 'p_0': ローカル変数は 1 度も使われていません。
  (ソース ファイル 'main.c' をコンパイルしています)
  
C:\Users\Uindmill\Desktop\Laboratory-kadai\encyu_2D_source\initial.h(12,14): warning C4101: 'k2': ローカル変数は 1 度も使われていません。
  (ソース ファイル 'main.c' をコンパイルしています)
  
C:\Users\Uindmill\Desktop\Laboratory-kadai\encyu_2D_source\initial.h(10,21): warning C4101: 'rho_0': ローカル変数は 1 度も使われていません。
  (ソース ファイル 'main.c' をコンパイルしています)
  
C:\Users\Uindmill\Desktop\Laboratory-kadai\encyu_2D_source\initial.h(12,10): warning C4101: 'k1': ローカル変数は 1 度も使われていません。
  (ソース ファイル 'main.c' をコンパイルしています)
  
C:\Users\Uindmill\Desktop\Laboratory-kadai\encyu_2D_source\initial.h(10,32): warning C4101: 'T': ローカル変数は 1 度も使われていません。
  (ソース ファイル 'main.c' をコンパイルしています)
  
C:\Users\Uindmill\Desktop\Laboratory-kadai\encyu_2D_source\main.c(21,10): warning C4067: プリプロセッサ ディレクティブの後に余分な文字がありました - 改行が必要です
C:\Users\Uindmill\Desktop\Laboratory-kadai\encyu_2D_source\boundary.h(1,1): warning C4819: ファイルは、現在のコード ページ (932) で表示できない文字を含んでいます。データの損失を防ぐために、ファイルを Unicode 形式で保存してください。
  (ソース ファイル 'main.c' をコンパイルしています)
  
C:\Users\Uindmill\Desktop\Laboratory-kadai\encyu_2D_source\boundary.h(174,12): warning C4018: '<': signed と unsigned の数値を比較しようとしました。
  (ソース ファイル 'main.c' をコンパイルしています)
  
C:\Users\Uindmill\Desktop\Laboratory-kadai\encyu_2D_source\boundary.h(184,12): warning C4018: '<': signed と unsigned の数値を比較しようとしました。
  (ソース ファイル 'main.c' をコンパイルしています)
  
C:\Users\Uindmill\Desktop\Laboratory-kadai\encyu_2D_source\boundary.h(196,12): warning C4018: '<': signed と unsigned の数値を比較しようとしました。
  (ソース ファイル 'main.c' をコンパイルしています)
  
C:\Users\Uindmill\Desktop\Laboratory-kadai\encyu_2D_source\boundary.h(209,12): warning C4018: '<': signed と unsigned の数値を比較しようとしました。
  (ソース ファイル 'main.c' をコンパイルしています)
  
C:\Users\Uindmill\Desktop\Laboratory-kadai\encyu_2D_source\boundary.h(230,12): warning C4018: '<': signed と unsigned の数値を比較しようとしました。
  (ソース ファイル 'main.c' をコンパイルしています)
  
C:\Users\Uindmill\Desktop\Laboratory-kadai\encyu_2D_source\boundary.h(244,12): warning C4018: '<': signed と unsigned の数値を比較しようとしました。
  (ソース ファイル 'main.c' をコンパイルしています)
  
C:\Users\Uindmill\Desktop\Laboratory-kadai\encyu_2D_source\boundary.h(261,12): warning C4018: '<': signed と unsigned の数値を比較しようとしました。
  (ソース ファイル 'main.c' をコンパイルしています)
  
C:\Users\Uindmill\Desktop\Laboratory-kadai\encyu_2D_source\boundary.h(279,24): warning C4018: '<': signed と unsigned の数値を比較しようとしました。
  (ソース ファイル 'main.c' をコンパイルしています)
  
C:\Users\Uindmill\Desktop\Laboratory-kadai\encyu_2D_source\boundary.h(299,12): warning C4018: '<': signed と unsigned の数値を比較しようとしました。
  (ソース ファイル 'main.c' をコンパイルしています)
  
C:\Users\Uindmill\Desktop\Laboratory-kadai\encyu_2D_source\boundary.h(167,28): warning C4101: 'O_ini': ローカル変数は 1 度も使われていません。
  (ソース ファイル 'main.c' をコンパイルしています)
  
C:\Users\Uindmill\Desktop\Laboratory-kadai\encyu_2D_source\boundary.h(168,39): warning C4101: 'S_': ローカル変数は 1 度も使われていません。
  (ソース ファイル 'main.c' をコンパイルしています)
  
C:\Users\Uindmill\Desktop\Laboratory-kadai\encyu_2D_source\boundary.h(169,10): warning C4101: 'xi': ローカル変数は 1 度も使われていません。
  (ソース ファイル 'main.c' をコンパイルしています)
  
C:\Users\Uindmill\Desktop\Laboratory-kadai\encyu_2D_source\boundary.h(168,24): warning C4101: 'p_0': ローカル変数は 1 度も使われていません。
  (ソース ファイル 'main.c' をコンパイルしています)
  
C:\Users\Uindmill\Desktop\Laboratory-kadai\encyu_2D_source\boundary.h(168,47): warning C4101: 'k2': ローカル変数は 1 度も使われていません。
  (ソース ファイル 'main.c' をコンパイルしています)
  
C:\Users\Uindmill\Desktop\Laboratory-kadai\encyu_2D_source\boundary.h(168,29): warning C4101: 'rho_0': ローカル変数は 1 度も使われていません。
  (ソース ファイル 'main.c' をコンパイルしています)
  
C:\Users\Uindmill\Desktop\Laboratory-kadai\encyu_2D_source\boundary.h(167,35): warning C4101: 'O_end': ローカル変数は 1 度も使われていません。
  (ソース ファイル 'main.c' をコンパイルしています)
  
C:\Users\Uindmill\Desktop\Laboratory-kadai\encyu_2D_source\boundary.h(168,43): warning C4101: 'k1': ローカル変数は 1 度も使われていません。
  (ソース ファイル 'main.c' をコンパイルしています)
  
C:\Users\Uindmill\Desktop\Laboratory-kadai\encyu_2D_source\boundary.h(169,14): warning C4101: 'sita': ローカル変数は 1 度も使われていません。
  (ソース ファイル 'main.c' をコンパイルしています)
  
C:\Users\Uindmill\Desktop\Laboratory-kadai\encyu_2D_source\boundary.h(168,36): warning C4101: 'T': ローカル変数は 1 度も使われていません。
  (ソース ファイル 'main.c' をコンパイルしています)
  
C:\Users\Uindmill\Desktop\Laboratory-kadai\encyu_2D_source\boundary.h(168,21): warning C4101: 'r': ローカル変数は 1 度も使われていません。
  (ソース ファイル 'main.c' をコンパイルしています)
  
C:\Users\Uindmill\Desktop\Laboratory-kadai\encyu_2D_source\boundary.h(168,14): warning C4101: 'vsita': ローカル変数は 1 度も使われていません。
  (ソース ファイル 'main.c' をコンパイルしています)
  
C:\Users\Uindmill\Desktop\Laboratory-kadai\encyu_2D_source\boundary.h(168,10): warning C4101: 'vr': ローカル変数は 1 度も使われていません。
  (ソース ファイル 'main.c' をコンパイルしています)
  
C:\Users\Uindmill\Desktop\Laboratory-kadai\encyu_2D_source\SST-DES.h(1,1): warning C4819: ファイルは、現在のコード ページ (932) で表示できない文字を含んでいます。データの損失を防ぐために、ファイルを Unicode 形式で保存してください。
  (ソース ファイル 'main.c' をコンパイルしています)
  
C:\Users\Uindmill\Desktop\Laboratory-kadai\encyu_2D_source\SST-DES.h(122,15): warning C4101: 'v_y': ローカル変数は 1 度も使われていません。
  (ソース ファイル 'main.c' をコンパイルしています)
  
C:\Users\Uindmill\Desktop\Laboratory-kadai\encyu_2D_source\SST-DES.h(126,13): warning C4101: 'Sij': ローカル変数は 1 度も使われていません。
  (ソース ファイル 'main.c' をコンパイルしています)
  
C:\Users\Uindmill\Desktop\Laboratory-kadai\encyu_2D_source\SST-DES.h(121,10): warning C4101: 'u_x': ローカル変数は 1 度も使われていません。
  (ソース ファイル 'main.c' をコンパイルしています)
  
C:\Users\Uindmill\Desktop\Laboratory-kadai\encyu_2D_source\SST-DES.h(277,55): warning C4101: 'deruta_cor': ローカル変数は 1 度も使われていません。
  (ソース ファイル 'main.c' をコンパイルしています)
  
C:\Users\Uindmill\Desktop\Laboratory-kadai\encyu_2D_source\SST-DES.h(277,51): warning C4101: 'fd': ローカル変数は 1 度も使われていません。
  (ソース ファイル 'main.c' をコンパイルしています)
  
C:\Users\Uindmill\Desktop\Laboratory-kadai\encyu_2D_source\SST-DES.h(277,29): warning C4101: 'deruta': ローカル変数は 1 度も使われていません。
  (ソース ファイル 'main.c' をコンパイルしています)
  
C:\Users\Uindmill\Desktop\Laboratory-kadai\encyu_2D_source\SST-DES.h(330,14): warning C4018: '<': signed と unsigned の数値を比較しようとしました。
  (ソース ファイル 'main.c' をコンパイルしています)
  
C:\Users\Uindmill\Desktop\Laboratory-kadai\encyu_2D_source\SST-DES.h(331,16): warning C4018: '<': signed と unsigned の数値を比較しようとしました。
  (ソース ファイル 'main.c' をコンパイルしています)
  
C:\Users\Uindmill\Desktop\Laboratory-kadai\encyu_2D_source\SST-DES.h(351,14): warning C4018: '<': signed と unsigned の数値を比較しようとしました。
  (ソース ファイル 'main.c' をコンパイルしています)
  
C:\Users\Uindmill\Desktop\Laboratory-kadai\encyu_2D_source\SST-DES.h(352,16): warning C4018: '<': signed と unsigned の数値を比較しようとしました。
  (ソース ファイル 'main.c' をコンパイルしています)
  
C:\Users\Uindmill\Desktop\Laboratory-kadai\encyu_2D_source\SST-DES.h(325,10): warning C4101: 'Mu': ローカル変数は 1 度も使われていません。
  (ソース ファイル 'main.c' をコンパイルしています)
  
C:\Users\Uindmill\Desktop\Laboratory-kadai\encyu_2D_source\SST-DES.h(326,17): warning C4101: 'w_log': ローカル変数は 1 度も使われていません。
  (ソース ファイル 'main.c' をコンパイルしています)
  
C:\Users\Uindmill\Desktop\Laboratory-kadai\encyu_2D_source\SST-DES.h(325,14): warning C4101: 'tmpT': ローカル変数は 1 度も使われていません。
  (ソース ファイル 'main.c' をコンパイルしています)
  
C:\Users\Uindmill\Desktop\Laboratory-kadai\encyu_2D_source\SST-DES.h(327,10): warning C4101: 'epsilon': ローカル変数は 1 度も使われていません。
  (ソース ファイル 'main.c' をコンパイルしています)
  
C:\Users\Uindmill\Desktop\Laboratory-kadai\encyu_2D_source\SST-DES.h(326,10): warning C4101: 'w_vis': ローカル変数は 1 度も使われていません。
  (ソース ファイル 'main.c' をコンパイルしています)
  
C:\Users\Uindmill\Desktop\Laboratory-kadai\encyu_2D_source\fds.h(1,1): warning C4819: ファイルは、現在のコード ページ (932) で表示できない文字を含んでいます。データの損失を防ぐために、ファイルを Unicode 形式で保存してください。
  (ソース ファイル 'main.c' をコンパイルしています)
  
C:\Users\Uindmill\Desktop\Laboratory-kadai\encyu_2D_source\fds.h(17,11): warning C4101: 'dY': ローカル変数は 1 度も使われていません。
  (ソース ファイル 'main.c' をコンパイルしています)
  
C:\Users\Uindmill\Desktop\Laboratory-kadai\encyu_2D_source\fds.h(17,7): warning C4101: 'dX': ローカル変数は 1 度も使われていません。
  (ソース ファイル 'main.c' をコンパイルしています)
  
C:\Users\Uindmill\Desktop\Laboratory-kadai\encyu_2D_source\fds.h(119,14): warning C4018: '<': signed と unsigned の数値を比較しようとしました。
  (ソース ファイル 'main.c' をコンパイルしています)
  
C:\Users\Uindmill\Desktop\Laboratory-kadai\encyu_2D_source\fds.h(120,16): warning C4018: '<': signed と unsigned の数値を比較しようとしました。
  (ソース ファイル 'main.c' をコンパイルしています)
  
C:\Users\Uindmill\Desktop\Laboratory-kadai\encyu_2D_source\fds-komega.h(1,1): warning C4819: ファイルは、現在のコード ページ (932) で表示できない文字を含んでいます。データの損失を防ぐために、ファイルを Unicode 形式で保存してください。
  (ソース ファイル 'main.c' をコンパイルしています)
  
C:\Users\Uindmill\Desktop\Laboratory-kadai\encyu_2D_source\fds-komega.h(7,18): error C2143: 構文エラー: ';' が '{' の前にありません。
  (ソース ファイル 'main.c' をコンパイルしています)
  
C:\Users\Uindmill\Desktop\Laboratory-kadai\encyu_2D_source\fds-komega.h(14,14): warning C4018: '<': signed と unsigned の数値を比較しようとしました。
  (ソース ファイル 'main.c' をコンパイルしています)
  
C:\Users\Uindmill\Desktop\Laboratory-kadai\encyu_2D_source\fds-komega.h(15,16): warning C4018: '<': signed と unsigned の数値を比較しようとしました。
  (ソース ファイル 'main.c' をコンパイルしています)
  
C:\Users\Uindmill\Desktop\Laboratory-kadai\encyu_2D_source\viscous.h(1,1): warning C4819: ファイルは、現在のコード ページ (932) で表示できない文字を含んでいます。データの損失を防ぐために、ファイルを Unicode 形式で保存してください。
  (ソース ファイル 'main.c' をコンパイルしています)
  
C:\Users\Uindmill\Desktop\Laboratory-kadai\encyu_2D_source\viscous.h(9,36): error C2143: 構文エラー: ';' が '{' の前にありません。
  (ソース ファイル 'main.c' をコンパイルしています)
  
C:\Users\Uindmill\Desktop\Laboratory-kadai\encyu_2D_source\viscous.h(37,8): error C2065: 'r0': 定義されていない識別子です。
  (ソース ファイル 'main.c' をコンパイルしています)
  
C:\Users\Uindmill\Desktop\Laboratory-kadai\encyu_2D_source\viscous.h(38,8): error C2065: 'r0': 定義されていない識別子です。
  (ソース ファイル 'main.c' をコンパイルしています)
  
C:\Users\Uindmill\Desktop\Laboratory-kadai\encyu_2D_source\viscous.h(39,8): error C2065: 'r0': 定義されていない識別子です。
  (ソース ファイル 'main.c' をコンパイルしています)
  
C:\Users\Uindmill\Desktop\Laboratory-kadai\encyu_2D_source\viscous.h(40,8): error C2065: 'r0': 定義されていない識別子です。
  (ソース ファイル 'main.c' をコンパイルしています)
  
C:\Users\Uindmill\Desktop\Laboratory-kadai\encyu_2D_source\viscous.h(41,8): error C2065: 'r0': 定義されていない識別子です。
  (ソース ファイル 'main.c' をコンパイルしています)
  
C:\Users\Uindmill\Desktop\Laboratory-kadai\encyu_2D_source\viscous.h(43,34): error C2065: 'r0': 定義されていない識別子です。
  (ソース ファイル 'main.c' をコンパイルしています)
  
C:\Users\Uindmill\Desktop\Laboratory-kadai\encyu_2D_source\viscous.h(46,23): error C2065: 'r0': 定義されていない識別子です。
  (ソース ファイル 'main.c' をコンパイルしています)
  
C:\Users\Uindmill\Desktop\Laboratory-kadai\encyu_2D_source\viscous.h(47,23): error C2065: 'r0': 定義されていない識別子です。
  (ソース ファイル 'main.c' をコンパイルしています)
  
C:\Users\Uindmill\Desktop\Laboratory-kadai\encyu_2D_source\viscous.h(49,21): error C2065: 'r0': 定義されていない識別子です。
  (ソース ファイル 'main.c' をコンパイルしています)
  
C:\Users\Uindmill\Desktop\Laboratory-kadai\encyu_2D_source\viscous.h(50,21): error C2065: 'r0': 定義されていない識別子です。
  (ソース ファイル 'main.c' をコンパイルしています)
  
C:\Users\Uindmill\Desktop\Laboratory-kadai\encyu_2D_source\viscous.h(51,21): error C2065: 'r0': 定義されていない識別子です。
  (ソース ファイル 'main.c' をコンパイルしています)
  
C:\Users\Uindmill\Desktop\Laboratory-kadai\encyu_2D_source\viscous.h(52,21): error C2065: 'r0': 定義されていない識別子です。
  (ソース ファイル 'main.c' をコンパイルしています)
  
C:\Users\Uindmill\Desktop\Laboratory-kadai\encyu_2D_source\viscous.h(59,20): error C2065: 'r0': 定義されていない識別子です。
  (ソース ファイル 'main.c' をコンパイルしています)
  
C:\Users\Uindmill\Desktop\Laboratory-kadai\encyu_2D_source\viscous.h(60,20): error C2065: 'r0': 定義されていない識別子です。
  (ソース ファイル 'main.c' をコンパイルしています)
  
C:\Users\Uindmill\Desktop\Laboratory-kadai\encyu_2D_source\viscous.h(63,25): error C2065: 'r0': 定義されていない識別子です。
  (ソース ファイル 'main.c' をコンパイルしています)
  
C:\Users\Uindmill\Desktop\Laboratory-kadai\encyu_2D_source\viscous.h(69,31): error C2065: 'r0': 定義されていない識別子です。
  (ソース ファイル 'main.c' をコンパイルしています)
  
C:\Users\Uindmill\Desktop\Laboratory-kadai\encyu_2D_source\viscous.h(69,45): error C2065: 'r0': 定義されていない識別子です。
  (ソース ファイル 'main.c' をコンパイルしています)
  
C:\Users\Uindmill\Desktop\Laboratory-kadai\encyu_2D_source\viscous.h(72,30): error C2065: 'r0': 定義されていない識別子です。
  (ソース ファイル 'main.c' をコンパイルしています)
  
C:\Users\Uindmill\Desktop\Laboratory-kadai\encyu_2D_source\viscous.h(73,26): error C2065: 'r0': 定義されていない識別子です。
  (ソース ファイル 'main.c' をコンパイルしています)
  
C:\Users\Uindmill\Desktop\Laboratory-kadai\encyu_2D_source\viscous.h(75,23): error C2065: 'r0': 定義されていない識別子です。
  (ソース ファイル 'main.c' をコンパイルしています)
  
C:\Users\Uindmill\Desktop\Laboratory-kadai\encyu_2D_source\viscous.h(77,43): error C2065: 'r0': 定義されていない識別子です。
  (ソース ファイル 'main.c' をコンパイルしています)
  
C:\Users\Uindmill\Desktop\Laboratory-kadai\encyu_2D_source\viscous.h(78,31): error C2065: 'r0': 定義されていない識別子です。
  (ソース ファイル 'main.c' をコンパイルしています)
  
C:\Users\Uindmill\Desktop\Laboratory-kadai\encyu_2D_source\viscous.h(80,23): error C2065: 'r0': 定義されていない識別子です。
  (ソース ファイル 'main.c' をコンパイルしています)
  
C:\Users\Uindmill\Desktop\Laboratory-kadai\encyu_2D_source\viscous.h(82,43): error C2065: 'r0': 定義されていない識別子です。
  (ソース ファイル 'main.c' をコンパイルしています)
  
C:\Users\Uindmill\Desktop\Laboratory-kadai\encyu_2D_source\viscous.h(83,31): error C2065: 'r0': 定義されていない識別子です。
  (ソース ファイル 'main.c' をコンパイルしています)
  
C:\Users\Uindmill\Desktop\Laboratory-kadai\encyu_2D_source\viscous.h(86,23): error C2065: 'r0': 定義されていない識別子です。
  (ソース ファイル 'main.c' をコンパイルしています)
  
C:\Users\Uindmill\Desktop\Laboratory-kadai\encyu_2D_source\viscous.h(88,43): error C2065: 'r0': 定義されていない識別子です。
  (ソース ファイル 'main.c' をコンパイルしています)
  
C:\Users\Uindmill\Desktop\Laboratory-kadai\encyu_2D_source\viscous.h(89,31): error C2065: 'r0': 定義されていない識別子です。
  (ソース ファイル 'main.c' をコンパイルしています)
  
C:\Users\Uindmill\Desktop\Laboratory-kadai\encyu_2D_source\viscous.h(91,23): error C2065: 'r0': 定義されていない識別子です。
  (ソース ファイル 'main.c' をコンパイルしています)
  
C:\Users\Uindmill\Desktop\Laboratory-kadai\encyu_2D_source\viscous.h(93,43): error C2065: 'r0': 定義されていない識別子です。
  (ソース ファイル 'main.c' をコンパイルしています)
  
C:\Users\Uindmill\Desktop\Laboratory-kadai\encyu_2D_source\viscous.h(94,31): error C2065: 'r0': 定義されていない識別子です。
  (ソース ファイル 'main.c' をコンパイルしています)
  
C:\Users\Uindmill\Desktop\Laboratory-kadai\encyu_2D_source\viscous.h(103,36): error C2065: 'r0': 定義されていない識別子です。
  (ソース ファイル 'main.c' をコンパイルしています)
  
C:\Users\Uindmill\Desktop\Laboratory-kadai\encyu_2D_source\viscous.h(103,74): error C2065: 'r0': 定義されていない識別子です。
  (ソース ファイル 'main.c' をコンパイルしています)
  
C:\Users\Uindmill\Desktop\Laboratory-kadai\encyu_2D_source\viscous.h(104,36): error C2065: 'r0': 定義されていない識別子です。
  (ソース ファイル 'main.c' をコンパイルしています)
  
C:\Users\Uindmill\Desktop\Laboratory-kadai\encyu_2D_source\viscous.h(104,74): error C2065: 'r0': 定義されていない識別子です。
  (ソース ファイル 'main.c' をコンパイルしています)
  
C:\Users\Uindmill\Desktop\Laboratory-kadai\encyu_2D_source\viscous.h(106,12): error C2065: 'r0': 定義されていない識別子です。
  (ソース ファイル 'main.c' をコンパイルしています)
  
C:\Users\Uindmill\Desktop\Laboratory-kadai\encyu_2D_source\viscous.h(107,12): error C2065: 'r0': 定義されていない識別子です。
  (ソース ファイル 'main.c' をコンパイルしています)
  
C:\Users\Uindmill\Desktop\Laboratory-kadai\encyu_2D_source\viscous.h(108,12): error C2065: 'r0': 定義されていない識別子です。
  (ソース ファイル 'main.c' をコンパイルしています)
  
C:\Users\Uindmill\Desktop\Laboratory-kadai\encyu_2D_source\viscous.h(109,12): error C2065: 'r0': 定義されていない識別子です。
  (ソース ファイル 'main.c' をコンパイルしています)
  
C:\Users\Uindmill\Desktop\Laboratory-kadai\encyu_2D_source\viscous.h(113,37): error C2143: 構文エラー: ';' が '{' の前にありません。
  (ソース ファイル 'main.c' をコンパイルしています)
  
C:\Users\Uindmill\Desktop\Laboratory-kadai\encyu_2D_source\viscous.h(141,8): error C2065: 'r0': 定義されていない識別子です。
  (ソース ファイル 'main.c' をコンパイルしています)
  
C:\Users\Uindmill\Desktop\Laboratory-kadai\encyu_2D_source\viscous.h(142,8): error C2065: 'r0': 定義されていない識別子です。
  (ソース ファイル 'main.c' をコンパイルしています)
  
C:\Users\Uindmill\Desktop\Laboratory-kadai\encyu_2D_source\viscous.h(143,8): error C2065: 'r0': 定義されていない識別子です。
  (ソース ファイル 'main.c' をコンパイルしています)
  
C:\Users\Uindmill\Desktop\Laboratory-kadai\encyu_2D_source\viscous.h(144,8): error C2065: 'r0': 定義されていない識別子です。
  (ソース ファイル 'main.c' をコンパイルしています)
  
C:\Users\Uindmill\Desktop\Laboratory-kadai\encyu_2D_source\viscous.h(145,8): error C2065: 'r0': 定義されていない識別子です。
  (ソース ファイル 'main.c' をコンパイルしています)
  
C:\Users\Uindmill\Desktop\Laboratory-kadai\encyu_2D_source\viscous.h(147,34): error C2065: 'r0': 定義されていない識別子です。
  (ソース ファイル 'main.c' をコンパイルしています)
  
C:\Users\Uindmill\Desktop\Laboratory-kadai\encyu_2D_source\viscous.h(150,23): error C2065: 'r0': 定義されていない識別子です。
  (ソース ファイル 'main.c' をコンパイルしています)
  
C:\Users\Uindmill\Desktop\Laboratory-kadai\encyu_2D_source\viscous.h(151,23): error C2065: 'r0': 定義されていない識別子です。
  (ソース ファイル 'main.c' をコンパイルしています)
  
C:\Users\Uindmill\Desktop\Laboratory-kadai\encyu_2D_source\viscous.h(153,19): error C2065: 'r0': 定義されていない識別子です。
  (ソース ファイル 'main.c' をコンパイルしています)
  
C:\Users\Uindmill\Desktop\Laboratory-kadai\encyu_2D_source\viscous.h(154,19): error C2065: 'r0': 定義されていない識別子です。
  (ソース ファイル 'main.c' をコンパイルしています)
  
C:\Users\Uindmill\Desktop\Laboratory-kadai\encyu_2D_source\viscous.h(155,19): error C2065: 'r0': 定義されていない識別子です。
  (ソース ファイル 'main.c' をコンパイルしています)
  
C:\Users\Uindmill\Desktop\Laboratory-kadai\encyu_2D_source\viscous.h(156,19): error C2065: 'r0': 定義されていない識別子です。
  (ソース ファイル 'main.c' をコンパイルしています)
  
C:\Users\Uindmill\Desktop\Laboratory-kadai\encyu_2D_source\viscous.h(161,20): error C2065: 'r0': 定義されていない識別子です。
  (ソース ファイル 'main.c' をコンパイルしています)
  
C:\Users\Uindmill\Desktop\Laboratory-kadai\encyu_2D_source\viscous.h(162,20): error C2065: 'r0': 定義されていない識別子です。
  (ソース ファイル 'main.c' をコンパイルしています)
  
C:\Users\Uindmill\Desktop\Laboratory-kadai\encyu_2D_source\viscous.h(167,25): error C2065: 'r0': 定義されていない識別子です。
  (ソース ファイル 'main.c' をコンパイルしています)
  
C:\Users\Uindmill\Desktop\Laboratory-kadai\encyu_2D_source\viscous.h(173,31): error C2065: 'r0': 定義されていない識別子です。
  (ソース ファイル 'main.c' をコンパイルしています)
  
C:\Users\Uindmill\Desktop\Laboratory-kadai\encyu_2D_source\viscous.h(173,45): error C2065: 'r0': 定義されていない識別子です。
  (ソース ファイル 'main.c' をコンパイルしています)
  
C:\Users\Uindmill\Desktop\Laboratory-kadai\encyu_2D_source\viscous.h(176,30): error C2065: 'r0': 定義されていない識別子です。
  (ソース ファイル 'main.c' をコンパイルしています)
  
C:\Users\Uindmill\Desktop\Laboratory-kadai\encyu_2D_source\viscous.h(177,27): error C2065: 'r0': 定義されていない識別子です。
  (ソース ファイル 'main.c' をコンパイルしています)
  
C:\Users\Uindmill\Desktop\Laboratory-kadai\encyu_2D_source\viscous.h(179,24): error C2065: 'r0': 定義されていない識別子です。
  (ソース ファイル 'main.c' をコンパイルしています)
  
C:\Users\Uindmill\Desktop\Laboratory-kadai\encyu_2D_source\viscous.h(181,31): error C2065: 'r0': 定義されていない識別子です。
  (ソース ファイル 'main.c' をコンパイルしています)
  
C:\Users\Uindmill\Desktop\Laboratory-kadai\encyu_2D_source\viscous.h(182,36): error C2065: 'r0': 定義されていない識別子です。
  (ソース ファイル 'main.c' をコンパイルしています)
  
C:\Users\Uindmill\Desktop\Laboratory-kadai\encyu_2D_source\viscous.h(184,24): error C2065: 'r0': 定義されていない識別子です。
  (ソース ファイル 'main.c' をコンパイルしています)
  
C:\Users\Uindmill\Desktop\Laboratory-kadai\encyu_2D_source\viscous.h(186,31): error C2065: 'r0': 定義されていない識別子です。
  (ソース ファイル 'main.c' をコンパイルしています)
  
C:\Users\Uindmill\Desktop\Laboratory-kadai\encyu_2D_source\viscous.h(187,43): error C2065: 'r0': 定義されていない識別子です。
  (ソース ファイル 'main.c' をコンパイルしています)
  
C:\Users\Uindmill\Desktop\Laboratory-kadai\encyu_2D_source\viscous.h(190,24): error C2065: 'r0': 定義されていない識別子です。
  (ソース ファイル 'main.c' をコンパイルしています)
  
C:\Users\Uindmill\Desktop\Laboratory-kadai\encyu_2D_source\viscous.h(192,31): error C2065: 'r0': 定義されていない識別子です。
  (ソース ファイル 'main.c' をコンパイルしています)
  
C:\Users\Uindmill\Desktop\Laboratory-kadai\encyu_2D_source\viscous.h(193,43): error C2065: 'r0': 定義されていない識別子です。
  (ソース ファイル 'main.c' をコンパイルしています)
  
C:\Users\Uindmill\Desktop\Laboratory-kadai\encyu_2D_source\viscous.h(196,24): error C2065: 'r0': 定義されていない識別子です。
  (ソース ファイル 'main.c' をコンパイルしています)
  
C:\Users\Uindmill\Desktop\Laboratory-kadai\encyu_2D_source\viscous.h(198,31): error C2065: 'r0': 定義されていない識別子です。
  (ソース ファイル 'main.c' をコンパイルしています)
  
C:\Users\Uindmill\Desktop\Laboratory-kadai\encyu_2D_source\viscous.h(199,43): error C2065: 'r0': 定義されていない識別子です。
  (ソース ファイル 'main.c' をコンパイルしています)
  
C:\Users\Uindmill\Desktop\Laboratory-kadai\encyu_2D_source\viscous.h(209,36): error C2065: 'r0': 定義されていない識別子です。
  (ソース ファイル 'main.c' をコンパイルしています)
  
C:\Users\Uindmill\Desktop\Laboratory-kadai\encyu_2D_source\viscous.h(209,74): error C2065: 'r0': 定義されていない識別子です。
  (ソース ファイル 'main.c' をコンパイルしています)
  
C:\Users\Uindmill\Desktop\Laboratory-kadai\encyu_2D_source\viscous.h(210,36): error C2065: 'r0': 定義されていない識別子です。
  (ソース ファイル 'main.c' をコンパイルしています)
  
C:\Users\Uindmill\Desktop\Laboratory-kadai\encyu_2D_source\viscous.h(210,74): error C2065: 'r0': 定義されていない識別子です。
  (ソース ファイル 'main.c' をコンパイルしています)
  
C:\Users\Uindmill\Desktop\Laboratory-kadai\encyu_2D_source\viscous.h(212,12): error C2065: 'r0': 定義されていない識別子です。
  (ソース ファイル 'main.c' をコンパイルしています)
  
C:\Users\Uindmill\Desktop\Laboratory-kadai\encyu_2D_source\viscous.h(213,12): error C2065: 'r0': 定義されていない識別子です。
  (ソース ファイル 'main.c' をコンパイルしています)
  
C:\Users\Uindmill\Desktop\Laboratory-kadai\encyu_2D_source\viscous.h(214,12): error C2065: 'r0': 定義されていない識別子です。
  (ソース ファイル 'main.c' をコンパイルしています)
  
C:\Users\Uindmill\Desktop\Laboratory-kadai\encyu_2D_source\viscous.h(215,12): error C2065: 'r0': 定義されていない識別子です。
  (ソース ファイル 'main.c' をコンパイルしています)
  
C:\Users\Uindmill\Desktop\Laboratory-kadai\encyu_2D_source\viscous.h(218,15): error C2143: 構文エラー: ';' が '{' の前にありません。
  (ソース ファイル 'main.c' をコンパイルしています)
  
C:\Users\Uindmill\Desktop\Laboratory-kadai\encyu_2D_source\viscous.h(225,14): warning C4018: '<': signed と unsigned の数値を比較しようとしました。
  (ソース ファイル 'main.c' をコンパイルしています)
  
C:\Users\Uindmill\Desktop\Laboratory-kadai\encyu_2D_source\viscous.h(226,16): warning C4018: '<': signed と unsigned の数値を比較しようとしました。
  (ソース ファイル 'main.c' をコンパイルしています)
  
C:\Users\Uindmill\Desktop\Laboratory-kadai\encyu_2D_source\viscous-SST.h(8,38): error C2143: 構文エラー: ';' が '{' の前にありません。
  (ソース ファイル 'main.c' をコンパイルしています)
  
C:\Users\Uindmill\Desktop\Laboratory-kadai\encyu_2D_source\viscous-SST.h(25,8): error C2065: 'r0': 定義されていない識別子です。
  (ソース ファイル 'main.c' をコンパイルしています)
  
C:\Users\Uindmill\Desktop\Laboratory-kadai\encyu_2D_source\viscous-SST.h(26,8): error C2065: 'r0': 定義されていない識別子です。
  (ソース ファイル 'main.c' をコンパイルしています)
  
C:\Users\Uindmill\Desktop\Laboratory-kadai\encyu_2D_source\viscous-SST.h(27,8): error C2065: 'r0': 定義されていない識別子です。
  (ソース ファイル 'main.c' をコンパイルしています)
  
C:\Users\Uindmill\Desktop\Laboratory-kadai\encyu_2D_source\viscous-SST.h(28,8): error C2065: 'r0': 定義されていない識別子です。
  (ソース ファイル 'main.c' をコンパイルしています)
  
C:\Users\Uindmill\Desktop\Laboratory-kadai\encyu_2D_source\viscous-SST.h(29,8): error C2065: 'r0': 定義されていない識別子です。
  (ソース ファイル 'main.c' をコンパイルしています)
  
C:\Users\Uindmill\Desktop\Laboratory-kadai\encyu_2D_source\viscous-SST.h(31,34): error C2065: 'r0': 定義されていない識別子です。
  (ソース ファイル 'main.c' をコンパイルしています)
  
C:\Users\Uindmill\Desktop\Laboratory-kadai\encyu_2D_source\viscous-SST.h(34,23): error C2065: 'r0': 定義されていない識別子です。
  (ソース ファイル 'main.c' をコンパイルしています)
  
C:\Users\Uindmill\Desktop\Laboratory-kadai\encyu_2D_source\viscous-SST.h(35,23): error C2065: 'r0': 定義されていない識別子です。
  (ソース ファイル 'main.c' をコンパイルしています)
  
C:\Users\Uindmill\Desktop\Laboratory-kadai\encyu_2D_source\viscous-SST.h(37,21): error C2065: 'r0': 定義されていない識別子です。
  (ソース ファイル 'main.c' をコンパイルしています)
  
C:\Users\Uindmill\Desktop\Laboratory-kadai\encyu_2D_source\viscous-SST.h(38,21): error C2065: 'r0': 定義されていない識別子です。
  (ソース ファイル 'main.c' をコンパイルしています)
  
C:\Users\Uindmill\Desktop\Laboratory-kadai\encyu_2D_source\viscous-SST.h(39,21): error C2065: 'r0': 定義されていない識別子です。
  (ソース ファイル 'main.c' をコンパイルしています)
  
C:\Users\Uindmill\Desktop\Laboratory-kadai\encyu_2D_source\viscous-SST.h(40,21): error C2065: 'r0': 定義されていない識別子です。
  (ソース ファイル 'main.c' をコンパイルしています)
  
C:\Users\Uindmill\Desktop\Laboratory-kadai\encyu_2D_source\viscous-SST.h(47,20): error C2065: 'r0': 定義されていない識別子です。
  (ソース ファイル 'main.c' をコンパイルしています)
  
C:\Users\Uindmill\Desktop\Laboratory-kadai\encyu_2D_source\viscous-SST.h(48,20): error C2065: 'r0': 定義されていない識別子です。
  (ソース ファイル 'main.c' をコンパイルしています)
  
C:\Users\Uindmill\Desktop\Laboratory-kadai\encyu_2D_source\viscous-SST.h(50,31): error C2065: 'r0': 定義されていない識別子です。
  (ソース ファイル 'main.c' をコンパイルしています)
  
C:\Users\Uindmill\Desktop\Laboratory-kadai\encyu_2D_source\viscous-SST.h(50,45): error C2065: 'r0': 定義されていない識別子です。
  (ソース ファイル 'main.c' をコンパイルしています)
  
C:\Users\Uindmill\Desktop\Laboratory-kadai\encyu_2D_source\viscous-SST.h(53,30): error C2065: 'r0': 定義されていない識別子です。
  (ソース ファイル 'main.c' をコンパイルしています)
  
C:\Users\Uindmill\Desktop\Laboratory-kadai\encyu_2D_source\viscous-SST.h(54,30): error C2065: 'r0': 定義されていない識別子です。
  (ソース ファイル 'main.c' をコンパイルしています)
  
C:\Users\Uindmill\Desktop\Laboratory-kadai\encyu_2D_source\viscous-SST.h(54,30): error C1003: プログラム内のエラーが 100 個を超えました。コンパイルは中断されます。
  (ソース ファイル 'main.c' をコンパイルしています)
  
  コードを生成中...
